// Jest Snapshot v1, https://goo.gl/fbAQLP

exports[`<AccountPage /> renders properly 1`] = `
<AccountPage
  authedUserState={
    Object {
      "error": null,
      "loading": false,
      "message": null,
      "token": null,
      "user": null,
    }
  }
  deleteUser={[MockFunction]}
  dispatch={[Function]}
  goToUserPolls={[MockFunction]}
  openNewPollPopup={[MockFunction]}
>
  <WithStyles(Grid)
    alignItems="flex-start"
    className="grid-container"
    container={true}
    direction="row"
    justify="center"
  >
    <Grid
      alignContent="stretch"
      alignItems="flex-start"
      className="grid-container"
      classes={
        Object {
          "align-content-xs-center": "MuiGrid-align-content-xs-center-013",
          "align-content-xs-flex-end": "MuiGrid-align-content-xs-flex-end-015",
          "align-content-xs-flex-start": "MuiGrid-align-content-xs-flex-start-014",
          "align-content-xs-space-around": "MuiGrid-align-content-xs-space-around-017",
          "align-content-xs-space-between": "MuiGrid-align-content-xs-space-between-016",
          "align-items-xs-baseline": "MuiGrid-align-items-xs-baseline-012",
          "align-items-xs-center": "MuiGrid-align-items-xs-center-09",
          "align-items-xs-flex-end": "MuiGrid-align-items-xs-flex-end-011",
          "align-items-xs-flex-start": "MuiGrid-align-items-xs-flex-start-010",
          "container": "MuiGrid-container-01",
          "direction-xs-column": "MuiGrid-direction-xs-column-04",
          "direction-xs-column-reverse": "MuiGrid-direction-xs-column-reverse-05",
          "direction-xs-row-reverse": "MuiGrid-direction-xs-row-reverse-06",
          "grid-lg-1": "MuiGrid-grid-lg-1-072",
          "grid-lg-10": "MuiGrid-grid-lg-10-081",
          "grid-lg-11": "MuiGrid-grid-lg-11-082",
          "grid-lg-12": "MuiGrid-grid-lg-12-083",
          "grid-lg-2": "MuiGrid-grid-lg-2-073",
          "grid-lg-3": "MuiGrid-grid-lg-3-074",
          "grid-lg-4": "MuiGrid-grid-lg-4-075",
          "grid-lg-5": "MuiGrid-grid-lg-5-076",
          "grid-lg-6": "MuiGrid-grid-lg-6-077",
          "grid-lg-7": "MuiGrid-grid-lg-7-078",
          "grid-lg-8": "MuiGrid-grid-lg-8-079",
          "grid-lg-9": "MuiGrid-grid-lg-9-080",
          "grid-lg-auto": "MuiGrid-grid-lg-auto-070",
          "grid-lg-true": "MuiGrid-grid-lg-true-071",
          "grid-md-1": "MuiGrid-grid-md-1-058",
          "grid-md-10": "MuiGrid-grid-md-10-067",
          "grid-md-11": "MuiGrid-grid-md-11-068",
          "grid-md-12": "MuiGrid-grid-md-12-069",
          "grid-md-2": "MuiGrid-grid-md-2-059",
          "grid-md-3": "MuiGrid-grid-md-3-060",
          "grid-md-4": "MuiGrid-grid-md-4-061",
          "grid-md-5": "MuiGrid-grid-md-5-062",
          "grid-md-6": "MuiGrid-grid-md-6-063",
          "grid-md-7": "MuiGrid-grid-md-7-064",
          "grid-md-8": "MuiGrid-grid-md-8-065",
          "grid-md-9": "MuiGrid-grid-md-9-066",
          "grid-md-auto": "MuiGrid-grid-md-auto-056",
          "grid-md-true": "MuiGrid-grid-md-true-057",
          "grid-sm-1": "MuiGrid-grid-sm-1-044",
          "grid-sm-10": "MuiGrid-grid-sm-10-053",
          "grid-sm-11": "MuiGrid-grid-sm-11-054",
          "grid-sm-12": "MuiGrid-grid-sm-12-055",
          "grid-sm-2": "MuiGrid-grid-sm-2-045",
          "grid-sm-3": "MuiGrid-grid-sm-3-046",
          "grid-sm-4": "MuiGrid-grid-sm-4-047",
          "grid-sm-5": "MuiGrid-grid-sm-5-048",
          "grid-sm-6": "MuiGrid-grid-sm-6-049",
          "grid-sm-7": "MuiGrid-grid-sm-7-050",
          "grid-sm-8": "MuiGrid-grid-sm-8-051",
          "grid-sm-9": "MuiGrid-grid-sm-9-052",
          "grid-sm-auto": "MuiGrid-grid-sm-auto-042",
          "grid-sm-true": "MuiGrid-grid-sm-true-043",
          "grid-xl-1": "MuiGrid-grid-xl-1-086",
          "grid-xl-10": "MuiGrid-grid-xl-10-095",
          "grid-xl-11": "MuiGrid-grid-xl-11-096",
          "grid-xl-12": "MuiGrid-grid-xl-12-097",
          "grid-xl-2": "MuiGrid-grid-xl-2-087",
          "grid-xl-3": "MuiGrid-grid-xl-3-088",
          "grid-xl-4": "MuiGrid-grid-xl-4-089",
          "grid-xl-5": "MuiGrid-grid-xl-5-090",
          "grid-xl-6": "MuiGrid-grid-xl-6-091",
          "grid-xl-7": "MuiGrid-grid-xl-7-092",
          "grid-xl-8": "MuiGrid-grid-xl-8-093",
          "grid-xl-9": "MuiGrid-grid-xl-9-094",
          "grid-xl-auto": "MuiGrid-grid-xl-auto-084",
          "grid-xl-true": "MuiGrid-grid-xl-true-085",
          "grid-xs-1": "MuiGrid-grid-xs-1-030",
          "grid-xs-10": "MuiGrid-grid-xs-10-039",
          "grid-xs-11": "MuiGrid-grid-xs-11-040",
          "grid-xs-12": "MuiGrid-grid-xs-12-041",
          "grid-xs-2": "MuiGrid-grid-xs-2-031",
          "grid-xs-3": "MuiGrid-grid-xs-3-032",
          "grid-xs-4": "MuiGrid-grid-xs-4-033",
          "grid-xs-5": "MuiGrid-grid-xs-5-034",
          "grid-xs-6": "MuiGrid-grid-xs-6-035",
          "grid-xs-7": "MuiGrid-grid-xs-7-036",
          "grid-xs-8": "MuiGrid-grid-xs-8-037",
          "grid-xs-9": "MuiGrid-grid-xs-9-038",
          "grid-xs-auto": "MuiGrid-grid-xs-auto-028",
          "grid-xs-true": "MuiGrid-grid-xs-true-029",
          "item": "MuiGrid-item-02",
          "justify-xs-center": "MuiGrid-justify-xs-center-018",
          "justify-xs-flex-end": "MuiGrid-justify-xs-flex-end-019",
          "justify-xs-space-around": "MuiGrid-justify-xs-space-around-021",
          "justify-xs-space-between": "MuiGrid-justify-xs-space-between-020",
          "justify-xs-space-evenly": "MuiGrid-justify-xs-space-evenly-022",
          "spacing-xs-16": "MuiGrid-spacing-xs-16-024",
          "spacing-xs-24": "MuiGrid-spacing-xs-24-025",
          "spacing-xs-32": "MuiGrid-spacing-xs-32-026",
          "spacing-xs-40": "MuiGrid-spacing-xs-40-027",
          "spacing-xs-8": "MuiGrid-spacing-xs-8-023",
          "wrap-xs-nowrap": "MuiGrid-wrap-xs-nowrap-07",
          "wrap-xs-wrap-reverse": "MuiGrid-wrap-xs-wrap-reverse-08",
          "zeroMinWidth": "MuiGrid-zeroMinWidth-03",
        }
      }
      component="div"
      container={true}
      direction="row"
      item={false}
      justify="center"
      lg={false}
      md={false}
      sm={false}
      spacing={0}
      wrap="wrap"
      xl={false}
      xs={false}
      zeroMinWidth={false}
    >
      <div
        className="MuiGrid-container-01 MuiGrid-align-items-xs-flex-start-010 MuiGrid-justify-xs-center-018 grid-container"
      >
        <WithStyles(Grid)
          className="grid-item"
          item={true}
          sm={12}
          xs={12}
        >
          <Grid
            alignContent="stretch"
            alignItems="stretch"
            className="grid-item"
            classes={
              Object {
                "align-content-xs-center": "MuiGrid-align-content-xs-center-013",
                "align-content-xs-flex-end": "MuiGrid-align-content-xs-flex-end-015",
                "align-content-xs-flex-start": "MuiGrid-align-content-xs-flex-start-014",
                "align-content-xs-space-around": "MuiGrid-align-content-xs-space-around-017",
                "align-content-xs-space-between": "MuiGrid-align-content-xs-space-between-016",
                "align-items-xs-baseline": "MuiGrid-align-items-xs-baseline-012",
                "align-items-xs-center": "MuiGrid-align-items-xs-center-09",
                "align-items-xs-flex-end": "MuiGrid-align-items-xs-flex-end-011",
                "align-items-xs-flex-start": "MuiGrid-align-items-xs-flex-start-010",
                "container": "MuiGrid-container-01",
                "direction-xs-column": "MuiGrid-direction-xs-column-04",
                "direction-xs-column-reverse": "MuiGrid-direction-xs-column-reverse-05",
                "direction-xs-row-reverse": "MuiGrid-direction-xs-row-reverse-06",
                "grid-lg-1": "MuiGrid-grid-lg-1-072",
                "grid-lg-10": "MuiGrid-grid-lg-10-081",
                "grid-lg-11": "MuiGrid-grid-lg-11-082",
                "grid-lg-12": "MuiGrid-grid-lg-12-083",
                "grid-lg-2": "MuiGrid-grid-lg-2-073",
                "grid-lg-3": "MuiGrid-grid-lg-3-074",
                "grid-lg-4": "MuiGrid-grid-lg-4-075",
                "grid-lg-5": "MuiGrid-grid-lg-5-076",
                "grid-lg-6": "MuiGrid-grid-lg-6-077",
                "grid-lg-7": "MuiGrid-grid-lg-7-078",
                "grid-lg-8": "MuiGrid-grid-lg-8-079",
                "grid-lg-9": "MuiGrid-grid-lg-9-080",
                "grid-lg-auto": "MuiGrid-grid-lg-auto-070",
                "grid-lg-true": "MuiGrid-grid-lg-true-071",
                "grid-md-1": "MuiGrid-grid-md-1-058",
                "grid-md-10": "MuiGrid-grid-md-10-067",
                "grid-md-11": "MuiGrid-grid-md-11-068",
                "grid-md-12": "MuiGrid-grid-md-12-069",
                "grid-md-2": "MuiGrid-grid-md-2-059",
                "grid-md-3": "MuiGrid-grid-md-3-060",
                "grid-md-4": "MuiGrid-grid-md-4-061",
                "grid-md-5": "MuiGrid-grid-md-5-062",
                "grid-md-6": "MuiGrid-grid-md-6-063",
                "grid-md-7": "MuiGrid-grid-md-7-064",
                "grid-md-8": "MuiGrid-grid-md-8-065",
                "grid-md-9": "MuiGrid-grid-md-9-066",
                "grid-md-auto": "MuiGrid-grid-md-auto-056",
                "grid-md-true": "MuiGrid-grid-md-true-057",
                "grid-sm-1": "MuiGrid-grid-sm-1-044",
                "grid-sm-10": "MuiGrid-grid-sm-10-053",
                "grid-sm-11": "MuiGrid-grid-sm-11-054",
                "grid-sm-12": "MuiGrid-grid-sm-12-055",
                "grid-sm-2": "MuiGrid-grid-sm-2-045",
                "grid-sm-3": "MuiGrid-grid-sm-3-046",
                "grid-sm-4": "MuiGrid-grid-sm-4-047",
                "grid-sm-5": "MuiGrid-grid-sm-5-048",
                "grid-sm-6": "MuiGrid-grid-sm-6-049",
                "grid-sm-7": "MuiGrid-grid-sm-7-050",
                "grid-sm-8": "MuiGrid-grid-sm-8-051",
                "grid-sm-9": "MuiGrid-grid-sm-9-052",
                "grid-sm-auto": "MuiGrid-grid-sm-auto-042",
                "grid-sm-true": "MuiGrid-grid-sm-true-043",
                "grid-xl-1": "MuiGrid-grid-xl-1-086",
                "grid-xl-10": "MuiGrid-grid-xl-10-095",
                "grid-xl-11": "MuiGrid-grid-xl-11-096",
                "grid-xl-12": "MuiGrid-grid-xl-12-097",
                "grid-xl-2": "MuiGrid-grid-xl-2-087",
                "grid-xl-3": "MuiGrid-grid-xl-3-088",
                "grid-xl-4": "MuiGrid-grid-xl-4-089",
                "grid-xl-5": "MuiGrid-grid-xl-5-090",
                "grid-xl-6": "MuiGrid-grid-xl-6-091",
                "grid-xl-7": "MuiGrid-grid-xl-7-092",
                "grid-xl-8": "MuiGrid-grid-xl-8-093",
                "grid-xl-9": "MuiGrid-grid-xl-9-094",
                "grid-xl-auto": "MuiGrid-grid-xl-auto-084",
                "grid-xl-true": "MuiGrid-grid-xl-true-085",
                "grid-xs-1": "MuiGrid-grid-xs-1-030",
                "grid-xs-10": "MuiGrid-grid-xs-10-039",
                "grid-xs-11": "MuiGrid-grid-xs-11-040",
                "grid-xs-12": "MuiGrid-grid-xs-12-041",
                "grid-xs-2": "MuiGrid-grid-xs-2-031",
                "grid-xs-3": "MuiGrid-grid-xs-3-032",
                "grid-xs-4": "MuiGrid-grid-xs-4-033",
                "grid-xs-5": "MuiGrid-grid-xs-5-034",
                "grid-xs-6": "MuiGrid-grid-xs-6-035",
                "grid-xs-7": "MuiGrid-grid-xs-7-036",
                "grid-xs-8": "MuiGrid-grid-xs-8-037",
                "grid-xs-9": "MuiGrid-grid-xs-9-038",
                "grid-xs-auto": "MuiGrid-grid-xs-auto-028",
                "grid-xs-true": "MuiGrid-grid-xs-true-029",
                "item": "MuiGrid-item-02",
                "justify-xs-center": "MuiGrid-justify-xs-center-018",
                "justify-xs-flex-end": "MuiGrid-justify-xs-flex-end-019",
                "justify-xs-space-around": "MuiGrid-justify-xs-space-around-021",
                "justify-xs-space-between": "MuiGrid-justify-xs-space-between-020",
                "justify-xs-space-evenly": "MuiGrid-justify-xs-space-evenly-022",
                "spacing-xs-16": "MuiGrid-spacing-xs-16-024",
                "spacing-xs-24": "MuiGrid-spacing-xs-24-025",
                "spacing-xs-32": "MuiGrid-spacing-xs-32-026",
                "spacing-xs-40": "MuiGrid-spacing-xs-40-027",
                "spacing-xs-8": "MuiGrid-spacing-xs-8-023",
                "wrap-xs-nowrap": "MuiGrid-wrap-xs-nowrap-07",
                "wrap-xs-wrap-reverse": "MuiGrid-wrap-xs-wrap-reverse-08",
                "zeroMinWidth": "MuiGrid-zeroMinWidth-03",
              }
            }
            component="div"
            container={false}
            direction="row"
            item={true}
            justify="flex-start"
            lg={false}
            md={false}
            sm={12}
            spacing={0}
            wrap="wrap"
            xl={false}
            xs={12}
            zeroMinWidth={false}
          >
            <div
              className="MuiGrid-item-02 MuiGrid-grid-xs-12-041 MuiGrid-grid-sm-12-055 grid-item"
            >
              <WithStyles(Typography)
                className="page-title"
                variant="title"
              >
                <Typography
                  align="inherit"
                  className="page-title"
                  classes={
                    Object {
                      "alignCenter": "MuiTypography-alignCenter-0111",
                      "alignJustify": "MuiTypography-alignJustify-0113",
                      "alignLeft": "MuiTypography-alignLeft-0110",
                      "alignRight": "MuiTypography-alignRight-0112",
                      "body1": "MuiTypography-body1-0107",
                      "body2": "MuiTypography-body2-0106",
                      "button": "MuiTypography-button-0109",
                      "caption": "MuiTypography-caption-0108",
                      "colorError": "MuiTypography-colorError-0122",
                      "colorInherit": "MuiTypography-colorInherit-0117",
                      "colorPrimary": "MuiTypography-colorPrimary-0118",
                      "colorSecondary": "MuiTypography-colorSecondary-0119",
                      "colorTextPrimary": "MuiTypography-colorTextPrimary-0120",
                      "colorTextSecondary": "MuiTypography-colorTextSecondary-0121",
                      "display1": "MuiTypography-display1-0102",
                      "display2": "MuiTypography-display2-0101",
                      "display3": "MuiTypography-display3-0100",
                      "display4": "MuiTypography-display4-099",
                      "gutterBottom": "MuiTypography-gutterBottom-0115",
                      "headline": "MuiTypography-headline-0103",
                      "noWrap": "MuiTypography-noWrap-0114",
                      "paragraph": "MuiTypography-paragraph-0116",
                      "root": "MuiTypography-root-098",
                      "subheading": "MuiTypography-subheading-0105",
                      "title": "MuiTypography-title-0104",
                    }
                  }
                  color="default"
                  gutterBottom={false}
                  headlineMapping={
                    Object {
                      "body1": "p",
                      "body2": "aside",
                      "display1": "h1",
                      "display2": "h1",
                      "display3": "h1",
                      "display4": "h1",
                      "headline": "h1",
                      "subheading": "h3",
                      "title": "h2",
                    }
                  }
                  noWrap={false}
                  paragraph={false}
                  variant="title"
                >
                  <h2
                    className="MuiTypography-root-098 MuiTypography-title-0104 page-title"
                  >
                    Account
                  </h2>
                </Typography>
              </WithStyles(Typography)>
            </div>
          </Grid>
        </WithStyles(Grid)>
      </div>
    </Grid>
  </WithStyles(Grid)>
</AccountPage>
`;
