// Jest Snapshot v1, https://goo.gl/fbAQLP

exports[`<AccountPage /> renders properly 1`] = `
<AccountPage
  authedUserState={
    Object {
      "error": null,
      "loading": false,
      "message": null,
      "token": null,
      "user": null,
    }
  }
  deleteUser={[MockFunction]}
  dispatch={[Function]}
  goToUserPolls={[MockFunction]}
  openNewPollPopup={[MockFunction]}
>
  <WithStyles(GridWrapper)
    alignItems="flex-start"
    className="grid-container"
    container={true}
    direction="row"
    justify="center"
  >
    <GridWrapper
      alignItems="flex-start"
      className="grid-container"
      classes={
        Object {
          "align-content-xs-center": "MuiGrid-align-content-xs-center-13",
          "align-content-xs-flex-end": "MuiGrid-align-content-xs-flex-end-15",
          "align-content-xs-flex-start": "MuiGrid-align-content-xs-flex-start-14",
          "align-content-xs-space-around": "MuiGrid-align-content-xs-space-around-17",
          "align-content-xs-space-between": "MuiGrid-align-content-xs-space-between-16",
          "align-items-xs-baseline": "MuiGrid-align-items-xs-baseline-12",
          "align-items-xs-center": "MuiGrid-align-items-xs-center-9",
          "align-items-xs-flex-end": "MuiGrid-align-items-xs-flex-end-11",
          "align-items-xs-flex-start": "MuiGrid-align-items-xs-flex-start-10",
          "container": "MuiGrid-container-1",
          "direction-xs-column": "MuiGrid-direction-xs-column-4",
          "direction-xs-column-reverse": "MuiGrid-direction-xs-column-reverse-5",
          "direction-xs-row-reverse": "MuiGrid-direction-xs-row-reverse-6",
          "grid-lg": "MuiGrid-grid-lg-66",
          "grid-lg-1": "MuiGrid-grid-lg-1-67",
          "grid-lg-10": "MuiGrid-grid-lg-10-76",
          "grid-lg-11": "MuiGrid-grid-lg-11-77",
          "grid-lg-12": "MuiGrid-grid-lg-12-78",
          "grid-lg-2": "MuiGrid-grid-lg-2-68",
          "grid-lg-3": "MuiGrid-grid-lg-3-69",
          "grid-lg-4": "MuiGrid-grid-lg-4-70",
          "grid-lg-5": "MuiGrid-grid-lg-5-71",
          "grid-lg-6": "MuiGrid-grid-lg-6-72",
          "grid-lg-7": "MuiGrid-grid-lg-7-73",
          "grid-lg-8": "MuiGrid-grid-lg-8-74",
          "grid-lg-9": "MuiGrid-grid-lg-9-75",
          "grid-md": "MuiGrid-grid-md-53",
          "grid-md-1": "MuiGrid-grid-md-1-54",
          "grid-md-10": "MuiGrid-grid-md-10-63",
          "grid-md-11": "MuiGrid-grid-md-11-64",
          "grid-md-12": "MuiGrid-grid-md-12-65",
          "grid-md-2": "MuiGrid-grid-md-2-55",
          "grid-md-3": "MuiGrid-grid-md-3-56",
          "grid-md-4": "MuiGrid-grid-md-4-57",
          "grid-md-5": "MuiGrid-grid-md-5-58",
          "grid-md-6": "MuiGrid-grid-md-6-59",
          "grid-md-7": "MuiGrid-grid-md-7-60",
          "grid-md-8": "MuiGrid-grid-md-8-61",
          "grid-md-9": "MuiGrid-grid-md-9-62",
          "grid-sm": "MuiGrid-grid-sm-40",
          "grid-sm-1": "MuiGrid-grid-sm-1-41",
          "grid-sm-10": "MuiGrid-grid-sm-10-50",
          "grid-sm-11": "MuiGrid-grid-sm-11-51",
          "grid-sm-12": "MuiGrid-grid-sm-12-52",
          "grid-sm-2": "MuiGrid-grid-sm-2-42",
          "grid-sm-3": "MuiGrid-grid-sm-3-43",
          "grid-sm-4": "MuiGrid-grid-sm-4-44",
          "grid-sm-5": "MuiGrid-grid-sm-5-45",
          "grid-sm-6": "MuiGrid-grid-sm-6-46",
          "grid-sm-7": "MuiGrid-grid-sm-7-47",
          "grid-sm-8": "MuiGrid-grid-sm-8-48",
          "grid-sm-9": "MuiGrid-grid-sm-9-49",
          "grid-xl": "MuiGrid-grid-xl-79",
          "grid-xl-1": "MuiGrid-grid-xl-1-80",
          "grid-xl-10": "MuiGrid-grid-xl-10-89",
          "grid-xl-11": "MuiGrid-grid-xl-11-90",
          "grid-xl-12": "MuiGrid-grid-xl-12-91",
          "grid-xl-2": "MuiGrid-grid-xl-2-81",
          "grid-xl-3": "MuiGrid-grid-xl-3-82",
          "grid-xl-4": "MuiGrid-grid-xl-4-83",
          "grid-xl-5": "MuiGrid-grid-xl-5-84",
          "grid-xl-6": "MuiGrid-grid-xl-6-85",
          "grid-xl-7": "MuiGrid-grid-xl-7-86",
          "grid-xl-8": "MuiGrid-grid-xl-8-87",
          "grid-xl-9": "MuiGrid-grid-xl-9-88",
          "grid-xs": "MuiGrid-grid-xs-27",
          "grid-xs-1": "MuiGrid-grid-xs-1-28",
          "grid-xs-10": "MuiGrid-grid-xs-10-37",
          "grid-xs-11": "MuiGrid-grid-xs-11-38",
          "grid-xs-12": "MuiGrid-grid-xs-12-39",
          "grid-xs-2": "MuiGrid-grid-xs-2-29",
          "grid-xs-3": "MuiGrid-grid-xs-3-30",
          "grid-xs-4": "MuiGrid-grid-xs-4-31",
          "grid-xs-5": "MuiGrid-grid-xs-5-32",
          "grid-xs-6": "MuiGrid-grid-xs-6-33",
          "grid-xs-7": "MuiGrid-grid-xs-7-34",
          "grid-xs-8": "MuiGrid-grid-xs-8-35",
          "grid-xs-9": "MuiGrid-grid-xs-9-36",
          "item": "MuiGrid-item-2",
          "justify-xs-center": "MuiGrid-justify-xs-center-18",
          "justify-xs-flex-end": "MuiGrid-justify-xs-flex-end-19",
          "justify-xs-space-around": "MuiGrid-justify-xs-space-around-21",
          "justify-xs-space-between": "MuiGrid-justify-xs-space-between-20",
          "spacing-xs-16": "MuiGrid-spacing-xs-16-23",
          "spacing-xs-24": "MuiGrid-spacing-xs-24-24",
          "spacing-xs-32": "MuiGrid-spacing-xs-32-25",
          "spacing-xs-40": "MuiGrid-spacing-xs-40-26",
          "spacing-xs-8": "MuiGrid-spacing-xs-8-22",
          "wrap-xs-nowrap": "MuiGrid-wrap-xs-nowrap-7",
          "wrap-xs-wrap-reverse": "MuiGrid-wrap-xs-wrap-reverse-8",
          "zeroMinWidth": "MuiGrid-zeroMinWidth-3",
        }
      }
      container={true}
      direction="row"
      justify="center"
    >
      <Grid
        alignContent="stretch"
        alignItems="flex-start"
        className="grid-container"
        classes={
          Object {
            "align-content-xs-center": "MuiGrid-align-content-xs-center-13",
            "align-content-xs-flex-end": "MuiGrid-align-content-xs-flex-end-15",
            "align-content-xs-flex-start": "MuiGrid-align-content-xs-flex-start-14",
            "align-content-xs-space-around": "MuiGrid-align-content-xs-space-around-17",
            "align-content-xs-space-between": "MuiGrid-align-content-xs-space-between-16",
            "align-items-xs-baseline": "MuiGrid-align-items-xs-baseline-12",
            "align-items-xs-center": "MuiGrid-align-items-xs-center-9",
            "align-items-xs-flex-end": "MuiGrid-align-items-xs-flex-end-11",
            "align-items-xs-flex-start": "MuiGrid-align-items-xs-flex-start-10",
            "container": "MuiGrid-container-1",
            "direction-xs-column": "MuiGrid-direction-xs-column-4",
            "direction-xs-column-reverse": "MuiGrid-direction-xs-column-reverse-5",
            "direction-xs-row-reverse": "MuiGrid-direction-xs-row-reverse-6",
            "grid-lg": "MuiGrid-grid-lg-66",
            "grid-lg-1": "MuiGrid-grid-lg-1-67",
            "grid-lg-10": "MuiGrid-grid-lg-10-76",
            "grid-lg-11": "MuiGrid-grid-lg-11-77",
            "grid-lg-12": "MuiGrid-grid-lg-12-78",
            "grid-lg-2": "MuiGrid-grid-lg-2-68",
            "grid-lg-3": "MuiGrid-grid-lg-3-69",
            "grid-lg-4": "MuiGrid-grid-lg-4-70",
            "grid-lg-5": "MuiGrid-grid-lg-5-71",
            "grid-lg-6": "MuiGrid-grid-lg-6-72",
            "grid-lg-7": "MuiGrid-grid-lg-7-73",
            "grid-lg-8": "MuiGrid-grid-lg-8-74",
            "grid-lg-9": "MuiGrid-grid-lg-9-75",
            "grid-md": "MuiGrid-grid-md-53",
            "grid-md-1": "MuiGrid-grid-md-1-54",
            "grid-md-10": "MuiGrid-grid-md-10-63",
            "grid-md-11": "MuiGrid-grid-md-11-64",
            "grid-md-12": "MuiGrid-grid-md-12-65",
            "grid-md-2": "MuiGrid-grid-md-2-55",
            "grid-md-3": "MuiGrid-grid-md-3-56",
            "grid-md-4": "MuiGrid-grid-md-4-57",
            "grid-md-5": "MuiGrid-grid-md-5-58",
            "grid-md-6": "MuiGrid-grid-md-6-59",
            "grid-md-7": "MuiGrid-grid-md-7-60",
            "grid-md-8": "MuiGrid-grid-md-8-61",
            "grid-md-9": "MuiGrid-grid-md-9-62",
            "grid-sm": "MuiGrid-grid-sm-40",
            "grid-sm-1": "MuiGrid-grid-sm-1-41",
            "grid-sm-10": "MuiGrid-grid-sm-10-50",
            "grid-sm-11": "MuiGrid-grid-sm-11-51",
            "grid-sm-12": "MuiGrid-grid-sm-12-52",
            "grid-sm-2": "MuiGrid-grid-sm-2-42",
            "grid-sm-3": "MuiGrid-grid-sm-3-43",
            "grid-sm-4": "MuiGrid-grid-sm-4-44",
            "grid-sm-5": "MuiGrid-grid-sm-5-45",
            "grid-sm-6": "MuiGrid-grid-sm-6-46",
            "grid-sm-7": "MuiGrid-grid-sm-7-47",
            "grid-sm-8": "MuiGrid-grid-sm-8-48",
            "grid-sm-9": "MuiGrid-grid-sm-9-49",
            "grid-xl": "MuiGrid-grid-xl-79",
            "grid-xl-1": "MuiGrid-grid-xl-1-80",
            "grid-xl-10": "MuiGrid-grid-xl-10-89",
            "grid-xl-11": "MuiGrid-grid-xl-11-90",
            "grid-xl-12": "MuiGrid-grid-xl-12-91",
            "grid-xl-2": "MuiGrid-grid-xl-2-81",
            "grid-xl-3": "MuiGrid-grid-xl-3-82",
            "grid-xl-4": "MuiGrid-grid-xl-4-83",
            "grid-xl-5": "MuiGrid-grid-xl-5-84",
            "grid-xl-6": "MuiGrid-grid-xl-6-85",
            "grid-xl-7": "MuiGrid-grid-xl-7-86",
            "grid-xl-8": "MuiGrid-grid-xl-8-87",
            "grid-xl-9": "MuiGrid-grid-xl-9-88",
            "grid-xs": "MuiGrid-grid-xs-27",
            "grid-xs-1": "MuiGrid-grid-xs-1-28",
            "grid-xs-10": "MuiGrid-grid-xs-10-37",
            "grid-xs-11": "MuiGrid-grid-xs-11-38",
            "grid-xs-12": "MuiGrid-grid-xs-12-39",
            "grid-xs-2": "MuiGrid-grid-xs-2-29",
            "grid-xs-3": "MuiGrid-grid-xs-3-30",
            "grid-xs-4": "MuiGrid-grid-xs-4-31",
            "grid-xs-5": "MuiGrid-grid-xs-5-32",
            "grid-xs-6": "MuiGrid-grid-xs-6-33",
            "grid-xs-7": "MuiGrid-grid-xs-7-34",
            "grid-xs-8": "MuiGrid-grid-xs-8-35",
            "grid-xs-9": "MuiGrid-grid-xs-9-36",
            "item": "MuiGrid-item-2",
            "justify-xs-center": "MuiGrid-justify-xs-center-18",
            "justify-xs-flex-end": "MuiGrid-justify-xs-flex-end-19",
            "justify-xs-space-around": "MuiGrid-justify-xs-space-around-21",
            "justify-xs-space-between": "MuiGrid-justify-xs-space-between-20",
            "spacing-xs-16": "MuiGrid-spacing-xs-16-23",
            "spacing-xs-24": "MuiGrid-spacing-xs-24-24",
            "spacing-xs-32": "MuiGrid-spacing-xs-32-25",
            "spacing-xs-40": "MuiGrid-spacing-xs-40-26",
            "spacing-xs-8": "MuiGrid-spacing-xs-8-22",
            "wrap-xs-nowrap": "MuiGrid-wrap-xs-nowrap-7",
            "wrap-xs-wrap-reverse": "MuiGrid-wrap-xs-wrap-reverse-8",
            "zeroMinWidth": "MuiGrid-zeroMinWidth-3",
          }
        }
        component="div"
        container={true}
        direction="row"
        item={false}
        justify="center"
        lg={false}
        md={false}
        sm={false}
        spacing={0}
        wrap="wrap"
        xl={false}
        xs={false}
        zeroMinWidth={false}
      >
        <div
          className="MuiGrid-container-1 MuiGrid-align-items-xs-flex-start-10 MuiGrid-justify-xs-center-18 grid-container"
        >
          <WithStyles(GridWrapper)
            className="grid-item"
            item={true}
            sm={12}
            xs={12}
          >
            <GridWrapper
              className="grid-item"
              classes={
                Object {
                  "align-content-xs-center": "MuiGrid-align-content-xs-center-13",
                  "align-content-xs-flex-end": "MuiGrid-align-content-xs-flex-end-15",
                  "align-content-xs-flex-start": "MuiGrid-align-content-xs-flex-start-14",
                  "align-content-xs-space-around": "MuiGrid-align-content-xs-space-around-17",
                  "align-content-xs-space-between": "MuiGrid-align-content-xs-space-between-16",
                  "align-items-xs-baseline": "MuiGrid-align-items-xs-baseline-12",
                  "align-items-xs-center": "MuiGrid-align-items-xs-center-9",
                  "align-items-xs-flex-end": "MuiGrid-align-items-xs-flex-end-11",
                  "align-items-xs-flex-start": "MuiGrid-align-items-xs-flex-start-10",
                  "container": "MuiGrid-container-1",
                  "direction-xs-column": "MuiGrid-direction-xs-column-4",
                  "direction-xs-column-reverse": "MuiGrid-direction-xs-column-reverse-5",
                  "direction-xs-row-reverse": "MuiGrid-direction-xs-row-reverse-6",
                  "grid-lg": "MuiGrid-grid-lg-66",
                  "grid-lg-1": "MuiGrid-grid-lg-1-67",
                  "grid-lg-10": "MuiGrid-grid-lg-10-76",
                  "grid-lg-11": "MuiGrid-grid-lg-11-77",
                  "grid-lg-12": "MuiGrid-grid-lg-12-78",
                  "grid-lg-2": "MuiGrid-grid-lg-2-68",
                  "grid-lg-3": "MuiGrid-grid-lg-3-69",
                  "grid-lg-4": "MuiGrid-grid-lg-4-70",
                  "grid-lg-5": "MuiGrid-grid-lg-5-71",
                  "grid-lg-6": "MuiGrid-grid-lg-6-72",
                  "grid-lg-7": "MuiGrid-grid-lg-7-73",
                  "grid-lg-8": "MuiGrid-grid-lg-8-74",
                  "grid-lg-9": "MuiGrid-grid-lg-9-75",
                  "grid-md": "MuiGrid-grid-md-53",
                  "grid-md-1": "MuiGrid-grid-md-1-54",
                  "grid-md-10": "MuiGrid-grid-md-10-63",
                  "grid-md-11": "MuiGrid-grid-md-11-64",
                  "grid-md-12": "MuiGrid-grid-md-12-65",
                  "grid-md-2": "MuiGrid-grid-md-2-55",
                  "grid-md-3": "MuiGrid-grid-md-3-56",
                  "grid-md-4": "MuiGrid-grid-md-4-57",
                  "grid-md-5": "MuiGrid-grid-md-5-58",
                  "grid-md-6": "MuiGrid-grid-md-6-59",
                  "grid-md-7": "MuiGrid-grid-md-7-60",
                  "grid-md-8": "MuiGrid-grid-md-8-61",
                  "grid-md-9": "MuiGrid-grid-md-9-62",
                  "grid-sm": "MuiGrid-grid-sm-40",
                  "grid-sm-1": "MuiGrid-grid-sm-1-41",
                  "grid-sm-10": "MuiGrid-grid-sm-10-50",
                  "grid-sm-11": "MuiGrid-grid-sm-11-51",
                  "grid-sm-12": "MuiGrid-grid-sm-12-52",
                  "grid-sm-2": "MuiGrid-grid-sm-2-42",
                  "grid-sm-3": "MuiGrid-grid-sm-3-43",
                  "grid-sm-4": "MuiGrid-grid-sm-4-44",
                  "grid-sm-5": "MuiGrid-grid-sm-5-45",
                  "grid-sm-6": "MuiGrid-grid-sm-6-46",
                  "grid-sm-7": "MuiGrid-grid-sm-7-47",
                  "grid-sm-8": "MuiGrid-grid-sm-8-48",
                  "grid-sm-9": "MuiGrid-grid-sm-9-49",
                  "grid-xl": "MuiGrid-grid-xl-79",
                  "grid-xl-1": "MuiGrid-grid-xl-1-80",
                  "grid-xl-10": "MuiGrid-grid-xl-10-89",
                  "grid-xl-11": "MuiGrid-grid-xl-11-90",
                  "grid-xl-12": "MuiGrid-grid-xl-12-91",
                  "grid-xl-2": "MuiGrid-grid-xl-2-81",
                  "grid-xl-3": "MuiGrid-grid-xl-3-82",
                  "grid-xl-4": "MuiGrid-grid-xl-4-83",
                  "grid-xl-5": "MuiGrid-grid-xl-5-84",
                  "grid-xl-6": "MuiGrid-grid-xl-6-85",
                  "grid-xl-7": "MuiGrid-grid-xl-7-86",
                  "grid-xl-8": "MuiGrid-grid-xl-8-87",
                  "grid-xl-9": "MuiGrid-grid-xl-9-88",
                  "grid-xs": "MuiGrid-grid-xs-27",
                  "grid-xs-1": "MuiGrid-grid-xs-1-28",
                  "grid-xs-10": "MuiGrid-grid-xs-10-37",
                  "grid-xs-11": "MuiGrid-grid-xs-11-38",
                  "grid-xs-12": "MuiGrid-grid-xs-12-39",
                  "grid-xs-2": "MuiGrid-grid-xs-2-29",
                  "grid-xs-3": "MuiGrid-grid-xs-3-30",
                  "grid-xs-4": "MuiGrid-grid-xs-4-31",
                  "grid-xs-5": "MuiGrid-grid-xs-5-32",
                  "grid-xs-6": "MuiGrid-grid-xs-6-33",
                  "grid-xs-7": "MuiGrid-grid-xs-7-34",
                  "grid-xs-8": "MuiGrid-grid-xs-8-35",
                  "grid-xs-9": "MuiGrid-grid-xs-9-36",
                  "item": "MuiGrid-item-2",
                  "justify-xs-center": "MuiGrid-justify-xs-center-18",
                  "justify-xs-flex-end": "MuiGrid-justify-xs-flex-end-19",
                  "justify-xs-space-around": "MuiGrid-justify-xs-space-around-21",
                  "justify-xs-space-between": "MuiGrid-justify-xs-space-between-20",
                  "spacing-xs-16": "MuiGrid-spacing-xs-16-23",
                  "spacing-xs-24": "MuiGrid-spacing-xs-24-24",
                  "spacing-xs-32": "MuiGrid-spacing-xs-32-25",
                  "spacing-xs-40": "MuiGrid-spacing-xs-40-26",
                  "spacing-xs-8": "MuiGrid-spacing-xs-8-22",
                  "wrap-xs-nowrap": "MuiGrid-wrap-xs-nowrap-7",
                  "wrap-xs-wrap-reverse": "MuiGrid-wrap-xs-wrap-reverse-8",
                  "zeroMinWidth": "MuiGrid-zeroMinWidth-3",
                }
              }
              item={true}
              sm={12}
              xs={12}
            >
              <Grid
                alignContent="stretch"
                alignItems="stretch"
                className="grid-item"
                classes={
                  Object {
                    "align-content-xs-center": "MuiGrid-align-content-xs-center-13",
                    "align-content-xs-flex-end": "MuiGrid-align-content-xs-flex-end-15",
                    "align-content-xs-flex-start": "MuiGrid-align-content-xs-flex-start-14",
                    "align-content-xs-space-around": "MuiGrid-align-content-xs-space-around-17",
                    "align-content-xs-space-between": "MuiGrid-align-content-xs-space-between-16",
                    "align-items-xs-baseline": "MuiGrid-align-items-xs-baseline-12",
                    "align-items-xs-center": "MuiGrid-align-items-xs-center-9",
                    "align-items-xs-flex-end": "MuiGrid-align-items-xs-flex-end-11",
                    "align-items-xs-flex-start": "MuiGrid-align-items-xs-flex-start-10",
                    "container": "MuiGrid-container-1",
                    "direction-xs-column": "MuiGrid-direction-xs-column-4",
                    "direction-xs-column-reverse": "MuiGrid-direction-xs-column-reverse-5",
                    "direction-xs-row-reverse": "MuiGrid-direction-xs-row-reverse-6",
                    "grid-lg": "MuiGrid-grid-lg-66",
                    "grid-lg-1": "MuiGrid-grid-lg-1-67",
                    "grid-lg-10": "MuiGrid-grid-lg-10-76",
                    "grid-lg-11": "MuiGrid-grid-lg-11-77",
                    "grid-lg-12": "MuiGrid-grid-lg-12-78",
                    "grid-lg-2": "MuiGrid-grid-lg-2-68",
                    "grid-lg-3": "MuiGrid-grid-lg-3-69",
                    "grid-lg-4": "MuiGrid-grid-lg-4-70",
                    "grid-lg-5": "MuiGrid-grid-lg-5-71",
                    "grid-lg-6": "MuiGrid-grid-lg-6-72",
                    "grid-lg-7": "MuiGrid-grid-lg-7-73",
                    "grid-lg-8": "MuiGrid-grid-lg-8-74",
                    "grid-lg-9": "MuiGrid-grid-lg-9-75",
                    "grid-md": "MuiGrid-grid-md-53",
                    "grid-md-1": "MuiGrid-grid-md-1-54",
                    "grid-md-10": "MuiGrid-grid-md-10-63",
                    "grid-md-11": "MuiGrid-grid-md-11-64",
                    "grid-md-12": "MuiGrid-grid-md-12-65",
                    "grid-md-2": "MuiGrid-grid-md-2-55",
                    "grid-md-3": "MuiGrid-grid-md-3-56",
                    "grid-md-4": "MuiGrid-grid-md-4-57",
                    "grid-md-5": "MuiGrid-grid-md-5-58",
                    "grid-md-6": "MuiGrid-grid-md-6-59",
                    "grid-md-7": "MuiGrid-grid-md-7-60",
                    "grid-md-8": "MuiGrid-grid-md-8-61",
                    "grid-md-9": "MuiGrid-grid-md-9-62",
                    "grid-sm": "MuiGrid-grid-sm-40",
                    "grid-sm-1": "MuiGrid-grid-sm-1-41",
                    "grid-sm-10": "MuiGrid-grid-sm-10-50",
                    "grid-sm-11": "MuiGrid-grid-sm-11-51",
                    "grid-sm-12": "MuiGrid-grid-sm-12-52",
                    "grid-sm-2": "MuiGrid-grid-sm-2-42",
                    "grid-sm-3": "MuiGrid-grid-sm-3-43",
                    "grid-sm-4": "MuiGrid-grid-sm-4-44",
                    "grid-sm-5": "MuiGrid-grid-sm-5-45",
                    "grid-sm-6": "MuiGrid-grid-sm-6-46",
                    "grid-sm-7": "MuiGrid-grid-sm-7-47",
                    "grid-sm-8": "MuiGrid-grid-sm-8-48",
                    "grid-sm-9": "MuiGrid-grid-sm-9-49",
                    "grid-xl": "MuiGrid-grid-xl-79",
                    "grid-xl-1": "MuiGrid-grid-xl-1-80",
                    "grid-xl-10": "MuiGrid-grid-xl-10-89",
                    "grid-xl-11": "MuiGrid-grid-xl-11-90",
                    "grid-xl-12": "MuiGrid-grid-xl-12-91",
                    "grid-xl-2": "MuiGrid-grid-xl-2-81",
                    "grid-xl-3": "MuiGrid-grid-xl-3-82",
                    "grid-xl-4": "MuiGrid-grid-xl-4-83",
                    "grid-xl-5": "MuiGrid-grid-xl-5-84",
                    "grid-xl-6": "MuiGrid-grid-xl-6-85",
                    "grid-xl-7": "MuiGrid-grid-xl-7-86",
                    "grid-xl-8": "MuiGrid-grid-xl-8-87",
                    "grid-xl-9": "MuiGrid-grid-xl-9-88",
                    "grid-xs": "MuiGrid-grid-xs-27",
                    "grid-xs-1": "MuiGrid-grid-xs-1-28",
                    "grid-xs-10": "MuiGrid-grid-xs-10-37",
                    "grid-xs-11": "MuiGrid-grid-xs-11-38",
                    "grid-xs-12": "MuiGrid-grid-xs-12-39",
                    "grid-xs-2": "MuiGrid-grid-xs-2-29",
                    "grid-xs-3": "MuiGrid-grid-xs-3-30",
                    "grid-xs-4": "MuiGrid-grid-xs-4-31",
                    "grid-xs-5": "MuiGrid-grid-xs-5-32",
                    "grid-xs-6": "MuiGrid-grid-xs-6-33",
                    "grid-xs-7": "MuiGrid-grid-xs-7-34",
                    "grid-xs-8": "MuiGrid-grid-xs-8-35",
                    "grid-xs-9": "MuiGrid-grid-xs-9-36",
                    "item": "MuiGrid-item-2",
                    "justify-xs-center": "MuiGrid-justify-xs-center-18",
                    "justify-xs-flex-end": "MuiGrid-justify-xs-flex-end-19",
                    "justify-xs-space-around": "MuiGrid-justify-xs-space-around-21",
                    "justify-xs-space-between": "MuiGrid-justify-xs-space-between-20",
                    "spacing-xs-16": "MuiGrid-spacing-xs-16-23",
                    "spacing-xs-24": "MuiGrid-spacing-xs-24-24",
                    "spacing-xs-32": "MuiGrid-spacing-xs-32-25",
                    "spacing-xs-40": "MuiGrid-spacing-xs-40-26",
                    "spacing-xs-8": "MuiGrid-spacing-xs-8-22",
                    "wrap-xs-nowrap": "MuiGrid-wrap-xs-nowrap-7",
                    "wrap-xs-wrap-reverse": "MuiGrid-wrap-xs-wrap-reverse-8",
                    "zeroMinWidth": "MuiGrid-zeroMinWidth-3",
                  }
                }
                component="div"
                container={false}
                direction="row"
                item={true}
                justify="flex-start"
                lg={false}
                md={false}
                sm={12}
                spacing={0}
                wrap="wrap"
                xl={false}
                xs={12}
                zeroMinWidth={false}
              >
                <div
                  className="MuiGrid-item-2 MuiGrid-grid-xs-12-39 MuiGrid-grid-sm-12-52 grid-item"
                >
                  <WithStyles(Typography)
                    className="page-title"
                    variant="title"
                  >
                    <Typography
                      align="inherit"
                      className="page-title"
                      classes={
                        Object {
                          "alignCenter": "MuiTypography-alignCenter-105",
                          "alignJustify": "MuiTypography-alignJustify-107",
                          "alignLeft": "MuiTypography-alignLeft-104",
                          "alignRight": "MuiTypography-alignRight-106",
                          "body1": "MuiTypography-body1-101",
                          "body2": "MuiTypography-body2-100",
                          "button": "MuiTypography-button-103",
                          "caption": "MuiTypography-caption-102",
                          "colorError": "MuiTypography-colorError-115",
                          "colorInherit": "MuiTypography-colorInherit-111",
                          "colorPrimary": "MuiTypography-colorPrimary-112",
                          "colorSecondary": "MuiTypography-colorSecondary-113",
                          "colorTextSecondary": "MuiTypography-colorTextSecondary-114",
                          "display1": "MuiTypography-display1-96",
                          "display2": "MuiTypography-display2-95",
                          "display3": "MuiTypography-display3-94",
                          "display4": "MuiTypography-display4-93",
                          "gutterBottom": "MuiTypography-gutterBottom-109",
                          "headline": "MuiTypography-headline-97",
                          "noWrap": "MuiTypography-noWrap-108",
                          "paragraph": "MuiTypography-paragraph-110",
                          "root": "MuiTypography-root-92",
                          "subheading": "MuiTypography-subheading-99",
                          "title": "MuiTypography-title-98",
                        }
                      }
                      color="default"
                      gutterBottom={false}
                      headlineMapping={
                        Object {
                          "body1": "p",
                          "body2": "aside",
                          "display1": "h1",
                          "display2": "h1",
                          "display3": "h1",
                          "display4": "h1",
                          "headline": "h1",
                          "subheading": "h3",
                          "title": "h2",
                        }
                      }
                      noWrap={false}
                      paragraph={false}
                      variant="title"
                    >
                      <h2
                        className="MuiTypography-root-92 MuiTypography-title-98 page-title"
                      >
                        Account
                      </h2>
                    </Typography>
                  </WithStyles(Typography)>
                </div>
              </Grid>
            </GridWrapper>
          </WithStyles(GridWrapper)>
        </div>
      </Grid>
    </GridWrapper>
  </WithStyles(GridWrapper)>
</AccountPage>
`;
