// Jest Snapshot v1, https://goo.gl/fbAQLP

exports[`<Poll /> renders properly 1`] = `
<Poll
  choices={
    Array [
      Object {
        "id": 0,
        "label": "Springer Spaniel",
        "vote": 4,
      },
      Object {
        "id": 1,
        "label": "Cocker Spaniel",
        "vote": 6,
      },
    ]
  }
  votes={10}
>
  <WithStyles(Paper)
    className="poll-chart-paper"
  >
    <Paper
      className="poll-chart-paper"
      classes={
        Object {
          "elevation0": "MuiPaper-elevation0-03",
          "elevation1": "MuiPaper-elevation1-04",
          "elevation10": "MuiPaper-elevation10-013",
          "elevation11": "MuiPaper-elevation11-014",
          "elevation12": "MuiPaper-elevation12-015",
          "elevation13": "MuiPaper-elevation13-016",
          "elevation14": "MuiPaper-elevation14-017",
          "elevation15": "MuiPaper-elevation15-018",
          "elevation16": "MuiPaper-elevation16-019",
          "elevation17": "MuiPaper-elevation17-020",
          "elevation18": "MuiPaper-elevation18-021",
          "elevation19": "MuiPaper-elevation19-022",
          "elevation2": "MuiPaper-elevation2-05",
          "elevation20": "MuiPaper-elevation20-023",
          "elevation21": "MuiPaper-elevation21-024",
          "elevation22": "MuiPaper-elevation22-025",
          "elevation23": "MuiPaper-elevation23-026",
          "elevation24": "MuiPaper-elevation24-027",
          "elevation3": "MuiPaper-elevation3-06",
          "elevation4": "MuiPaper-elevation4-07",
          "elevation5": "MuiPaper-elevation5-08",
          "elevation6": "MuiPaper-elevation6-09",
          "elevation7": "MuiPaper-elevation7-010",
          "elevation8": "MuiPaper-elevation8-011",
          "elevation9": "MuiPaper-elevation9-012",
          "root": "MuiPaper-root-01",
          "rounded": "MuiPaper-rounded-02",
        }
      }
      component="div"
      elevation={2}
      square={false}
    >
      <div
        className="MuiPaper-root-01 MuiPaper-elevation2-05 MuiPaper-rounded-02 poll-chart-paper"
      >
        <div
          className="poll-chart"
          id="chart"
        />
      </div>
    </Paper>
  </WithStyles(Paper)>
</Poll>
`;
