// Jest Snapshot v1, https://goo.gl/fbAQLP

exports[`<Section /> renders properly 1`] = `
<Section
  dispatch={[Function]}
  list={
    Array [
      Object {
        "primary": "Total Votes",
        "secondary": 20,
      },
      Object {
        "primary": "Created by",
        "secondary": "Alexandra",
        "secondaryAction": [MockFunction],
        "secondaryActionLink": "/polls",
      },
      Object {
        "iconAction": [MockFunction],
        "iconColor": "orange",
        "iconDisabled": false,
        "iconType": "status",
        "primary": "Account E-mail",
        "secondary": "Not Verfied",
      },
    ]
  }
  title="Test title"
>
  <div
    className="section"
  >
    <WithStyles(Typography)
      className="section-header underline"
      color="inherit"
      variant="subheading"
    >
      <Typography
        align="inherit"
        className="section-header underline"
        classes={
          Object {
            "alignCenter": "MuiTypography-alignCenter-014",
            "alignJustify": "MuiTypography-alignJustify-016",
            "alignLeft": "MuiTypography-alignLeft-013",
            "alignRight": "MuiTypography-alignRight-015",
            "body1": "MuiTypography-body1-010",
            "body2": "MuiTypography-body2-09",
            "button": "MuiTypography-button-012",
            "caption": "MuiTypography-caption-011",
            "colorError": "MuiTypography-colorError-025",
            "colorInherit": "MuiTypography-colorInherit-020",
            "colorPrimary": "MuiTypography-colorPrimary-021",
            "colorSecondary": "MuiTypography-colorSecondary-022",
            "colorTextPrimary": "MuiTypography-colorTextPrimary-023",
            "colorTextSecondary": "MuiTypography-colorTextSecondary-024",
            "display1": "MuiTypography-display1-05",
            "display2": "MuiTypography-display2-04",
            "display3": "MuiTypography-display3-03",
            "display4": "MuiTypography-display4-02",
            "gutterBottom": "MuiTypography-gutterBottom-018",
            "headline": "MuiTypography-headline-06",
            "noWrap": "MuiTypography-noWrap-017",
            "paragraph": "MuiTypography-paragraph-019",
            "root": "MuiTypography-root-01",
            "subheading": "MuiTypography-subheading-08",
            "title": "MuiTypography-title-07",
          }
        }
        color="inherit"
        gutterBottom={false}
        headlineMapping={
          Object {
            "body1": "p",
            "body2": "aside",
            "display1": "h1",
            "display2": "h1",
            "display3": "h1",
            "display4": "h1",
            "headline": "h1",
            "subheading": "h3",
            "title": "h2",
          }
        }
        noWrap={false}
        paragraph={false}
        variant="subheading"
      >
        <h3
          className="MuiTypography-root-01 MuiTypography-subheading-08 MuiTypography-colorInherit-020 section-header underline"
        >
          Test title
        </h3>
      </Typography>
    </WithStyles(Typography)>
    <WithStyles(List)
      className="scrollable-list"
      dense={true}
    >
      <List
        className="scrollable-list"
        classes={
          Object {
            "dense": "MuiList-dense-028",
            "padding": "MuiList-padding-027",
            "root": "MuiList-root-026",
            "subheader": "MuiList-subheader-029",
          }
        }
        component="ul"
        dense={true}
        disablePadding={false}
      >
        <ul
          className="MuiList-root-026 MuiList-dense-028 MuiList-padding-027 scrollable-list"
        >
          <WithStyles(ListItem)
            className="li-styling "
            id="list-0"
            key="list-0"
          >
            <ListItem
              ContainerComponent="li"
              button={false}
              className="li-styling "
              classes={
                Object {
                  "button": "MuiListItem-button-038",
                  "container": "MuiListItem-container-031",
                  "default": "MuiListItem-default-033",
                  "dense": "MuiListItem-dense-034",
                  "disabled": "MuiListItem-disabled-035",
                  "divider": "MuiListItem-divider-036",
                  "focusVisible": "MuiListItem-focusVisible-032",
                  "gutters": "MuiListItem-gutters-037",
                  "root": "MuiListItem-root-030",
                  "secondaryAction": "MuiListItem-secondaryAction-039",
                  "selected": "MuiListItem-selected-040",
                }
              }
              dense={false}
              disableGutters={false}
              disabled={false}
              divider={false}
              id="list-0"
              selected={false}
            >
              <li
                className="MuiListItem-root-030 MuiListItem-default-033 MuiListItem-dense-034 MuiListItem-gutters-037 li-styling "
                disabled={false}
                id="list-0"
              >
                <WithStyles(ListItemText)
                  key=".1"
                  primary="Total Votes"
                  secondary={20}
                >
                  <ListItemText
                    classes={
                      Object {
                        "dense": "MuiListItemText-dense-043",
                        "inset": "MuiListItemText-inset-042",
                        "primary": "MuiListItemText-primary-044",
                        "root": "MuiListItemText-root-041",
                        "secondary": "MuiListItemText-secondary-045",
                        "textDense": "MuiListItemText-textDense-046",
                      }
                    }
                    disableTypography={false}
                    inset={false}
                    primary="Total Votes"
                    secondary={20}
                  >
                    <div
                      className="MuiListItemText-root-041 MuiListItemText-dense-043"
                    >
                      <WithStyles(Typography)
                        className="MuiListItemText-primary-044 MuiListItemText-textDense-046"
                        component="span"
                        variant="subheading"
                      >
                        <Typography
                          align="inherit"
                          className="MuiListItemText-primary-044 MuiListItemText-textDense-046"
                          classes={
                            Object {
                              "alignCenter": "MuiTypography-alignCenter-014",
                              "alignJustify": "MuiTypography-alignJustify-016",
                              "alignLeft": "MuiTypography-alignLeft-013",
                              "alignRight": "MuiTypography-alignRight-015",
                              "body1": "MuiTypography-body1-010",
                              "body2": "MuiTypography-body2-09",
                              "button": "MuiTypography-button-012",
                              "caption": "MuiTypography-caption-011",
                              "colorError": "MuiTypography-colorError-025",
                              "colorInherit": "MuiTypography-colorInherit-020",
                              "colorPrimary": "MuiTypography-colorPrimary-021",
                              "colorSecondary": "MuiTypography-colorSecondary-022",
                              "colorTextPrimary": "MuiTypography-colorTextPrimary-023",
                              "colorTextSecondary": "MuiTypography-colorTextSecondary-024",
                              "display1": "MuiTypography-display1-05",
                              "display2": "MuiTypography-display2-04",
                              "display3": "MuiTypography-display3-03",
                              "display4": "MuiTypography-display4-02",
                              "gutterBottom": "MuiTypography-gutterBottom-018",
                              "headline": "MuiTypography-headline-06",
                              "noWrap": "MuiTypography-noWrap-017",
                              "paragraph": "MuiTypography-paragraph-019",
                              "root": "MuiTypography-root-01",
                              "subheading": "MuiTypography-subheading-08",
                              "title": "MuiTypography-title-07",
                            }
                          }
                          color="default"
                          component="span"
                          gutterBottom={false}
                          headlineMapping={
                            Object {
                              "body1": "p",
                              "body2": "aside",
                              "display1": "h1",
                              "display2": "h1",
                              "display3": "h1",
                              "display4": "h1",
                              "headline": "h1",
                              "subheading": "h3",
                              "title": "h2",
                            }
                          }
                          noWrap={false}
                          paragraph={false}
                          variant="subheading"
                        >
                          <span
                            className="MuiTypography-root-01 MuiTypography-subheading-08 MuiListItemText-primary-044 MuiListItemText-textDense-046"
                          >
                            Total Votes
                          </span>
                        </Typography>
                      </WithStyles(Typography)>
                      <WithStyles(Typography)
                        className="MuiListItemText-secondary-045 MuiListItemText-textDense-046"
                        color="textSecondary"
                        variant="body1"
                      >
                        <Typography
                          align="inherit"
                          className="MuiListItemText-secondary-045 MuiListItemText-textDense-046"
                          classes={
                            Object {
                              "alignCenter": "MuiTypography-alignCenter-014",
                              "alignJustify": "MuiTypography-alignJustify-016",
                              "alignLeft": "MuiTypography-alignLeft-013",
                              "alignRight": "MuiTypography-alignRight-015",
                              "body1": "MuiTypography-body1-010",
                              "body2": "MuiTypography-body2-09",
                              "button": "MuiTypography-button-012",
                              "caption": "MuiTypography-caption-011",
                              "colorError": "MuiTypography-colorError-025",
                              "colorInherit": "MuiTypography-colorInherit-020",
                              "colorPrimary": "MuiTypography-colorPrimary-021",
                              "colorSecondary": "MuiTypography-colorSecondary-022",
                              "colorTextPrimary": "MuiTypography-colorTextPrimary-023",
                              "colorTextSecondary": "MuiTypography-colorTextSecondary-024",
                              "display1": "MuiTypography-display1-05",
                              "display2": "MuiTypography-display2-04",
                              "display3": "MuiTypography-display3-03",
                              "display4": "MuiTypography-display4-02",
                              "gutterBottom": "MuiTypography-gutterBottom-018",
                              "headline": "MuiTypography-headline-06",
                              "noWrap": "MuiTypography-noWrap-017",
                              "paragraph": "MuiTypography-paragraph-019",
                              "root": "MuiTypography-root-01",
                              "subheading": "MuiTypography-subheading-08",
                              "title": "MuiTypography-title-07",
                            }
                          }
                          color="textSecondary"
                          gutterBottom={false}
                          headlineMapping={
                            Object {
                              "body1": "p",
                              "body2": "aside",
                              "display1": "h1",
                              "display2": "h1",
                              "display3": "h1",
                              "display4": "h1",
                              "headline": "h1",
                              "subheading": "h3",
                              "title": "h2",
                            }
                          }
                          noWrap={false}
                          paragraph={false}
                          variant="body1"
                        >
                          <p
                            className="MuiTypography-root-01 MuiTypography-body1-010 MuiTypography-colorTextSecondary-024 MuiListItemText-secondary-045 MuiListItemText-textDense-046"
                          >
                            20
                          </p>
                        </Typography>
                      </WithStyles(Typography)>
                    </div>
                  </ListItemText>
                </WithStyles(ListItemText)>
              </li>
            </ListItem>
          </WithStyles(ListItem)>
          <WithStyles(ListItem)
            className="li-styling "
            id="list-1"
            key="list-1"
          >
            <ListItem
              ContainerComponent="li"
              button={false}
              className="li-styling "
              classes={
                Object {
                  "button": "MuiListItem-button-038",
                  "container": "MuiListItem-container-031",
                  "default": "MuiListItem-default-033",
                  "dense": "MuiListItem-dense-034",
                  "disabled": "MuiListItem-disabled-035",
                  "divider": "MuiListItem-divider-036",
                  "focusVisible": "MuiListItem-focusVisible-032",
                  "gutters": "MuiListItem-gutters-037",
                  "root": "MuiListItem-root-030",
                  "secondaryAction": "MuiListItem-secondaryAction-039",
                  "selected": "MuiListItem-selected-040",
                }
              }
              dense={false}
              disableGutters={false}
              disabled={false}
              divider={false}
              id="list-1"
              selected={false}
            >
              <li
                className="MuiListItem-root-030 MuiListItem-default-033 MuiListItem-dense-034 MuiListItem-gutters-037 li-styling "
                disabled={false}
                id="list-1"
              >
                <WithStyles(ListItemText)
                  key=".1"
                  primary="Created by"
                  secondary="Alexandra"
                >
                  <ListItemText
                    classes={
                      Object {
                        "dense": "MuiListItemText-dense-043",
                        "inset": "MuiListItemText-inset-042",
                        "primary": "MuiListItemText-primary-044",
                        "root": "MuiListItemText-root-041",
                        "secondary": "MuiListItemText-secondary-045",
                        "textDense": "MuiListItemText-textDense-046",
                      }
                    }
                    disableTypography={false}
                    inset={false}
                    primary="Created by"
                    secondary="Alexandra"
                  >
                    <div
                      className="MuiListItemText-root-041 MuiListItemText-dense-043"
                    >
                      <WithStyles(Typography)
                        className="MuiListItemText-primary-044 MuiListItemText-textDense-046"
                        component="span"
                        variant="subheading"
                      >
                        <Typography
                          align="inherit"
                          className="MuiListItemText-primary-044 MuiListItemText-textDense-046"
                          classes={
                            Object {
                              "alignCenter": "MuiTypography-alignCenter-014",
                              "alignJustify": "MuiTypography-alignJustify-016",
                              "alignLeft": "MuiTypography-alignLeft-013",
                              "alignRight": "MuiTypography-alignRight-015",
                              "body1": "MuiTypography-body1-010",
                              "body2": "MuiTypography-body2-09",
                              "button": "MuiTypography-button-012",
                              "caption": "MuiTypography-caption-011",
                              "colorError": "MuiTypography-colorError-025",
                              "colorInherit": "MuiTypography-colorInherit-020",
                              "colorPrimary": "MuiTypography-colorPrimary-021",
                              "colorSecondary": "MuiTypography-colorSecondary-022",
                              "colorTextPrimary": "MuiTypography-colorTextPrimary-023",
                              "colorTextSecondary": "MuiTypography-colorTextSecondary-024",
                              "display1": "MuiTypography-display1-05",
                              "display2": "MuiTypography-display2-04",
                              "display3": "MuiTypography-display3-03",
                              "display4": "MuiTypography-display4-02",
                              "gutterBottom": "MuiTypography-gutterBottom-018",
                              "headline": "MuiTypography-headline-06",
                              "noWrap": "MuiTypography-noWrap-017",
                              "paragraph": "MuiTypography-paragraph-019",
                              "root": "MuiTypography-root-01",
                              "subheading": "MuiTypography-subheading-08",
                              "title": "MuiTypography-title-07",
                            }
                          }
                          color="default"
                          component="span"
                          gutterBottom={false}
                          headlineMapping={
                            Object {
                              "body1": "p",
                              "body2": "aside",
                              "display1": "h1",
                              "display2": "h1",
                              "display3": "h1",
                              "display4": "h1",
                              "headline": "h1",
                              "subheading": "h3",
                              "title": "h2",
                            }
                          }
                          noWrap={false}
                          paragraph={false}
                          variant="subheading"
                        >
                          <span
                            className="MuiTypography-root-01 MuiTypography-subheading-08 MuiListItemText-primary-044 MuiListItemText-textDense-046"
                          >
                            Created by
                          </span>
                        </Typography>
                      </WithStyles(Typography)>
                      <WithStyles(Typography)
                        className="MuiListItemText-secondary-045 MuiListItemText-textDense-046"
                        color="textSecondary"
                        variant="body1"
                      >
                        <Typography
                          align="inherit"
                          className="MuiListItemText-secondary-045 MuiListItemText-textDense-046"
                          classes={
                            Object {
                              "alignCenter": "MuiTypography-alignCenter-014",
                              "alignJustify": "MuiTypography-alignJustify-016",
                              "alignLeft": "MuiTypography-alignLeft-013",
                              "alignRight": "MuiTypography-alignRight-015",
                              "body1": "MuiTypography-body1-010",
                              "body2": "MuiTypography-body2-09",
                              "button": "MuiTypography-button-012",
                              "caption": "MuiTypography-caption-011",
                              "colorError": "MuiTypography-colorError-025",
                              "colorInherit": "MuiTypography-colorInherit-020",
                              "colorPrimary": "MuiTypography-colorPrimary-021",
                              "colorSecondary": "MuiTypography-colorSecondary-022",
                              "colorTextPrimary": "MuiTypography-colorTextPrimary-023",
                              "colorTextSecondary": "MuiTypography-colorTextSecondary-024",
                              "display1": "MuiTypography-display1-05",
                              "display2": "MuiTypography-display2-04",
                              "display3": "MuiTypography-display3-03",
                              "display4": "MuiTypography-display4-02",
                              "gutterBottom": "MuiTypography-gutterBottom-018",
                              "headline": "MuiTypography-headline-06",
                              "noWrap": "MuiTypography-noWrap-017",
                              "paragraph": "MuiTypography-paragraph-019",
                              "root": "MuiTypography-root-01",
                              "subheading": "MuiTypography-subheading-08",
                              "title": "MuiTypography-title-07",
                            }
                          }
                          color="textSecondary"
                          gutterBottom={false}
                          headlineMapping={
                            Object {
                              "body1": "p",
                              "body2": "aside",
                              "display1": "h1",
                              "display2": "h1",
                              "display3": "h1",
                              "display4": "h1",
                              "headline": "h1",
                              "subheading": "h3",
                              "title": "h2",
                            }
                          }
                          noWrap={false}
                          paragraph={false}
                          variant="body1"
                        >
                          <p
                            className="MuiTypography-root-01 MuiTypography-body1-010 MuiTypography-colorTextSecondary-024 MuiListItemText-secondary-045 MuiListItemText-textDense-046"
                          >
                            Alexandra
                          </p>
                        </Typography>
                      </WithStyles(Typography)>
                    </div>
                  </ListItemText>
                </WithStyles(ListItemText)>
                <WithStyles(IconButton)
                  component={[Function]}
                  key=".2"
                  onClick={[MockFunction]}
                  to="/polls"
                >
                  <IconButton
                    classes={
                      Object {
                        "colorInherit": "MuiIconButton-colorInherit-048",
                        "colorPrimary": "MuiIconButton-colorPrimary-049",
                        "colorSecondary": "MuiIconButton-colorSecondary-050",
                        "disabled": "MuiIconButton-disabled-051",
                        "label": "MuiIconButton-label-052",
                        "root": "MuiIconButton-root-047",
                      }
                    }
                    color="default"
                    component={[Function]}
                    disabled={false}
                    onClick={[MockFunction]}
                    to="/polls"
                  >
                    <WithStyles(ButtonBase)
                      centerRipple={true}
                      className="MuiIconButton-root-047"
                      component={[Function]}
                      disabled={false}
                      focusRipple={true}
                      onClick={[MockFunction]}
                      to="/polls"
                    >
                      <ButtonBase
                        centerRipple={true}
                        className="MuiIconButton-root-047"
                        classes={
                          Object {
                            "disabled": "MuiButtonBase-disabled-054",
                            "focusVisible": "MuiButtonBase-focusVisible-055",
                            "root": "MuiButtonBase-root-053",
                          }
                        }
                        component={[Function]}
                        disableRipple={false}
                        disableTouchRipple={false}
                        disabled={false}
                        focusRipple={true}
                        onClick={[MockFunction]}
                        tabIndex="0"
                        to="/polls"
                        type="button"
                      >
                        <Link
                          className="MuiButtonBase-root-053 MuiIconButton-root-047"
                          onBlur={[Function]}
                          onClick={[MockFunction]}
                          onFocus={[Function]}
                          onKeyDown={[Function]}
                          onKeyUp={[Function]}
                          onMouseDown={[Function]}
                          onMouseLeave={[Function]}
                          onMouseUp={[Function]}
                          onTouchEnd={[Function]}
                          onTouchMove={[Function]}
                          onTouchStart={[Function]}
                          replace={false}
                          role="button"
                          tabIndex="0"
                          to="/polls"
                        >
                          <a
                            className="MuiButtonBase-root-053 MuiIconButton-root-047"
                            href="/polls"
                            onBlur={[Function]}
                            onClick={[Function]}
                            onFocus={[Function]}
                            onKeyDown={[Function]}
                            onKeyUp={[Function]}
                            onMouseDown={[Function]}
                            onMouseLeave={[Function]}
                            onMouseUp={[Function]}
                            onTouchEnd={[Function]}
                            onTouchMove={[Function]}
                            onTouchStart={[Function]}
                            role="button"
                            tabIndex="0"
                          >
                            <span
                              className="MuiIconButton-label-052"
                            >
                              <pure(KeyboardArrowRightIcon)
                                className="arrow-link"
                                color="primary"
                              >
                                <KeyboardArrowRightIcon
                                  className="arrow-link"
                                  color="primary"
                                >
                                  <WithStyles(SvgIcon)
                                    className="arrow-link"
                                    color="primary"
                                  >
                                    <SvgIcon
                                      className="arrow-link"
                                      classes={
                                        Object {
                                          "colorAction": "MuiSvgIcon-colorAction-059",
                                          "colorDisabled": "MuiSvgIcon-colorDisabled-061",
                                          "colorError": "MuiSvgIcon-colorError-060",
                                          "colorPrimary": "MuiSvgIcon-colorPrimary-057",
                                          "colorSecondary": "MuiSvgIcon-colorSecondary-058",
                                          "fontSizeInherit": "MuiSvgIcon-fontSizeInherit-062",
                                          "root": "MuiSvgIcon-root-056",
                                        }
                                      }
                                      color="primary"
                                      component="svg"
                                      fontSize="default"
                                      viewBox="0 0 24 24"
                                    >
                                      <svg
                                        aria-hidden="true"
                                        className="MuiSvgIcon-root-056 MuiSvgIcon-colorPrimary-057 arrow-link"
                                        focusable="false"
                                        viewBox="0 0 24 24"
                                      >
                                        <path
                                          d="M8.59 16.59L13.17 12 8.59 7.41 10 6l6 6-6 6-1.41-1.41z"
                                        />
                                        <path
                                          d="M0 0h24v24H0V0z"
                                          fill="none"
                                        />
                                      </svg>
                                    </SvgIcon>
                                  </WithStyles(SvgIcon)>
                                </KeyboardArrowRightIcon>
                              </pure(KeyboardArrowRightIcon)>
                            </span>
                            <WithStyles(TouchRipple)
                              center={true}
                              innerRef={[Function]}
                            >
                              <TouchRipple
                                center={true}
                                classes={
                                  Object {
                                    "child": "MuiTouchRipple-child-067",
                                    "childLeaving": "MuiTouchRipple-childLeaving-068",
                                    "childPulsate": "MuiTouchRipple-childPulsate-069",
                                    "ripple": "MuiTouchRipple-ripple-064",
                                    "ripplePulsate": "MuiTouchRipple-ripplePulsate-066",
                                    "rippleVisible": "MuiTouchRipple-rippleVisible-065",
                                    "root": "MuiTouchRipple-root-063",
                                  }
                                }
                              >
                                <TransitionGroup
                                  childFactory={[Function]}
                                  className="MuiTouchRipple-root-063"
                                  component="span"
                                  enter={true}
                                  exit={true}
                                >
                                  <span
                                    className="MuiTouchRipple-root-063"
                                  />
                                </TransitionGroup>
                              </TouchRipple>
                            </WithStyles(TouchRipple)>
                          </a>
                        </Link>
                      </ButtonBase>
                    </WithStyles(ButtonBase)>
                  </IconButton>
                </WithStyles(IconButton)>
              </li>
            </ListItem>
          </WithStyles(ListItem)>
          <WithStyles(ListItem)
            className="li-styling "
            id="list-2"
            key="list-2"
          >
            <ListItem
              ContainerComponent="li"
              button={false}
              className="li-styling "
              classes={
                Object {
                  "button": "MuiListItem-button-038",
                  "container": "MuiListItem-container-031",
                  "default": "MuiListItem-default-033",
                  "dense": "MuiListItem-dense-034",
                  "disabled": "MuiListItem-disabled-035",
                  "divider": "MuiListItem-divider-036",
                  "focusVisible": "MuiListItem-focusVisible-032",
                  "gutters": "MuiListItem-gutters-037",
                  "root": "MuiListItem-root-030",
                  "secondaryAction": "MuiListItem-secondaryAction-039",
                  "selected": "MuiListItem-selected-040",
                }
              }
              dense={false}
              disableGutters={false}
              disabled={false}
              divider={false}
              id="list-2"
              selected={false}
            >
              <li
                className="MuiListItem-root-030 MuiListItem-default-033 MuiListItem-dense-034 MuiListItem-gutters-037 li-styling "
                disabled={false}
                id="list-2"
              >
                <WithStyles(ListItemIcon)
                  key=".0"
                >
                  <ListItemIcon
                    classes={
                      Object {
                        "root": "MuiListItemIcon-root-070",
                      }
                    }
                  >
                    <Icon
                      action={[MockFunction]}
                      className="MuiListItemIcon-root-070"
                      color="orange"
                      disabled={false}
                      disabledLabel=""
                      label="Account E-mail"
                      type="status"
                    >
                      <WithStyles(Tooltip)
                        id="tooltip-icon"
                        title="Account E-mail"
                      >
                        <Tooltip
                          TransitionComponent={[Function]}
                          classes={
                            Object {
                              "popper": "MuiTooltip-popper-071",
                              "tooltip": "MuiTooltip-tooltip-072",
                              "tooltipPlacementBottom": "MuiTooltip-tooltipPlacementBottom-077",
                              "tooltipPlacementLeft": "MuiTooltip-tooltipPlacementLeft-074",
                              "tooltipPlacementRight": "MuiTooltip-tooltipPlacementRight-075",
                              "tooltipPlacementTop": "MuiTooltip-tooltipPlacementTop-076",
                              "touch": "MuiTooltip-touch-073",
                            }
                          }
                          disableFocusListener={false}
                          disableHoverListener={false}
                          disableTouchListener={false}
                          enterDelay={0}
                          enterTouchDelay={1000}
                          id="tooltip-icon"
                          leaveDelay={0}
                          leaveTouchDelay={1500}
                          placement="bottom"
                          theme={
                            Object {
                              "breakpoints": Object {
                                "between": [Function],
                                "down": [Function],
                                "keys": Array [
                                  "xs",
                                  "sm",
                                  "md",
                                  "lg",
                                  "xl",
                                ],
                                "only": [Function],
                                "up": [Function],
                                "values": Object {
                                  "lg": 1280,
                                  "md": 960,
                                  "sm": 600,
                                  "xl": 1920,
                                  "xs": 0,
                                },
                                "width": [Function],
                              },
                              "direction": "ltr",
                              "mixins": Object {
                                "gutters": [Function],
                                "toolbar": Object {
                                  "@media (min-width:0px) and (orientation: landscape)": Object {
                                    "minHeight": 48,
                                  },
                                  "@media (min-width:600px)": Object {
                                    "minHeight": 64,
                                  },
                                  "minHeight": 56,
                                },
                              },
                              "overrides": Object {},
                              "palette": Object {
                                "action": Object {
                                  "active": "rgba(0, 0, 0, 0.54)",
                                  "disabled": "rgba(0, 0, 0, 0.26)",
                                  "disabledBackground": "rgba(0, 0, 0, 0.12)",
                                  "hover": "rgba(0, 0, 0, 0.08)",
                                  "hoverOpacity": 0.08,
                                  "selected": "rgba(0, 0, 0, 0.14)",
                                },
                                "augmentColor": [Function],
                                "background": Object {
                                  "default": "#fafafa",
                                  "paper": "#fff",
                                },
                                "common": Object {
                                  "black": "#000",
                                  "white": "#fff",
                                },
                                "contrastThreshold": 3,
                                "divider": "rgba(0, 0, 0, 0.12)",
                                "error": Object {
                                  "contrastText": "#fff",
                                  "dark": "#d32f2f",
                                  "light": "#e57373",
                                  "main": "#f44336",
                                },
                                "getContrastText": [Function],
                                "grey": Object {
                                  "100": "#f5f5f5",
                                  "200": "#eeeeee",
                                  "300": "#e0e0e0",
                                  "400": "#bdbdbd",
                                  "50": "#fafafa",
                                  "500": "#9e9e9e",
                                  "600": "#757575",
                                  "700": "#616161",
                                  "800": "#424242",
                                  "900": "#212121",
                                  "A100": "#d5d5d5",
                                  "A200": "#aaaaaa",
                                  "A400": "#303030",
                                  "A700": "#616161",
                                },
                                "primary": Object {
                                  "contrastText": "#fff",
                                  "dark": "#303f9f",
                                  "light": "#7986cb",
                                  "main": "#3f51b5",
                                },
                                "secondary": Object {
                                  "contrastText": "#fff",
                                  "dark": "#c51162",
                                  "light": "#ff4081",
                                  "main": "#f50057",
                                },
                                "text": Object {
                                  "disabled": "rgba(0, 0, 0, 0.38)",
                                  "hint": "rgba(0, 0, 0, 0.38)",
                                  "primary": "rgba(0, 0, 0, 0.87)",
                                  "secondary": "rgba(0, 0, 0, 0.54)",
                                },
                                "tonalOffset": 0.2,
                                "type": "light",
                              },
                              "props": Object {},
                              "shadows": Array [
                                "none",
                                "0px 1px 3px 0px rgba(0, 0, 0, 0.2),0px 1px 1px 0px rgba(0, 0, 0, 0.14),0px 2px 1px -1px rgba(0, 0, 0, 0.12)",
                                "0px 1px 5px 0px rgba(0, 0, 0, 0.2),0px 2px 2px 0px rgba(0, 0, 0, 0.14),0px 3px 1px -2px rgba(0, 0, 0, 0.12)",
                                "0px 1px 8px 0px rgba(0, 0, 0, 0.2),0px 3px 4px 0px rgba(0, 0, 0, 0.14),0px 3px 3px -2px rgba(0, 0, 0, 0.12)",
                                "0px 2px 4px -1px rgba(0, 0, 0, 0.2),0px 4px 5px 0px rgba(0, 0, 0, 0.14),0px 1px 10px 0px rgba(0, 0, 0, 0.12)",
                                "0px 3px 5px -1px rgba(0, 0, 0, 0.2),0px 5px 8px 0px rgba(0, 0, 0, 0.14),0px 1px 14px 0px rgba(0, 0, 0, 0.12)",
                                "0px 3px 5px -1px rgba(0, 0, 0, 0.2),0px 6px 10px 0px rgba(0, 0, 0, 0.14),0px 1px 18px 0px rgba(0, 0, 0, 0.12)",
                                "0px 4px 5px -2px rgba(0, 0, 0, 0.2),0px 7px 10px 1px rgba(0, 0, 0, 0.14),0px 2px 16px 1px rgba(0, 0, 0, 0.12)",
                                "0px 5px 5px -3px rgba(0, 0, 0, 0.2),0px 8px 10px 1px rgba(0, 0, 0, 0.14),0px 3px 14px 2px rgba(0, 0, 0, 0.12)",
                                "0px 5px 6px -3px rgba(0, 0, 0, 0.2),0px 9px 12px 1px rgba(0, 0, 0, 0.14),0px 3px 16px 2px rgba(0, 0, 0, 0.12)",
                                "0px 6px 6px -3px rgba(0, 0, 0, 0.2),0px 10px 14px 1px rgba(0, 0, 0, 0.14),0px 4px 18px 3px rgba(0, 0, 0, 0.12)",
                                "0px 6px 7px -4px rgba(0, 0, 0, 0.2),0px 11px 15px 1px rgba(0, 0, 0, 0.14),0px 4px 20px 3px rgba(0, 0, 0, 0.12)",
                                "0px 7px 8px -4px rgba(0, 0, 0, 0.2),0px 12px 17px 2px rgba(0, 0, 0, 0.14),0px 5px 22px 4px rgba(0, 0, 0, 0.12)",
                                "0px 7px 8px -4px rgba(0, 0, 0, 0.2),0px 13px 19px 2px rgba(0, 0, 0, 0.14),0px 5px 24px 4px rgba(0, 0, 0, 0.12)",
                                "0px 7px 9px -4px rgba(0, 0, 0, 0.2),0px 14px 21px 2px rgba(0, 0, 0, 0.14),0px 5px 26px 4px rgba(0, 0, 0, 0.12)",
                                "0px 8px 9px -5px rgba(0, 0, 0, 0.2),0px 15px 22px 2px rgba(0, 0, 0, 0.14),0px 6px 28px 5px rgba(0, 0, 0, 0.12)",
                                "0px 8px 10px -5px rgba(0, 0, 0, 0.2),0px 16px 24px 2px rgba(0, 0, 0, 0.14),0px 6px 30px 5px rgba(0, 0, 0, 0.12)",
                                "0px 8px 11px -5px rgba(0, 0, 0, 0.2),0px 17px 26px 2px rgba(0, 0, 0, 0.14),0px 6px 32px 5px rgba(0, 0, 0, 0.12)",
                                "0px 9px 11px -5px rgba(0, 0, 0, 0.2),0px 18px 28px 2px rgba(0, 0, 0, 0.14),0px 7px 34px 6px rgba(0, 0, 0, 0.12)",
                                "0px 9px 12px -6px rgba(0, 0, 0, 0.2),0px 19px 29px 2px rgba(0, 0, 0, 0.14),0px 7px 36px 6px rgba(0, 0, 0, 0.12)",
                                "0px 10px 13px -6px rgba(0, 0, 0, 0.2),0px 20px 31px 3px rgba(0, 0, 0, 0.14),0px 8px 38px 7px rgba(0, 0, 0, 0.12)",
                                "0px 10px 13px -6px rgba(0, 0, 0, 0.2),0px 21px 33px 3px rgba(0, 0, 0, 0.14),0px 8px 40px 7px rgba(0, 0, 0, 0.12)",
                                "0px 10px 14px -6px rgba(0, 0, 0, 0.2),0px 22px 35px 3px rgba(0, 0, 0, 0.14),0px 8px 42px 7px rgba(0, 0, 0, 0.12)",
                                "0px 11px 14px -7px rgba(0, 0, 0, 0.2),0px 23px 36px 3px rgba(0, 0, 0, 0.14),0px 9px 44px 8px rgba(0, 0, 0, 0.12)",
                                "0px 11px 15px -7px rgba(0, 0, 0, 0.2),0px 24px 38px 3px rgba(0, 0, 0, 0.14),0px 9px 46px 8px rgba(0, 0, 0, 0.12)",
                              ],
                              "shape": Object {
                                "borderRadius": 4,
                              },
                              "spacing": Object {
                                "unit": 8,
                              },
                              "transitions": Object {
                                "create": [Function],
                                "duration": Object {
                                  "complex": 375,
                                  "enteringScreen": 225,
                                  "leavingScreen": 195,
                                  "short": 250,
                                  "shorter": 200,
                                  "shortest": 150,
                                  "standard": 300,
                                },
                                "easing": Object {
                                  "easeIn": "cubic-bezier(0.4, 0, 1, 1)",
                                  "easeInOut": "cubic-bezier(0.4, 0, 0.2, 1)",
                                  "easeOut": "cubic-bezier(0.0, 0, 0.2, 1)",
                                  "sharp": "cubic-bezier(0.4, 0, 0.6, 1)",
                                },
                                "getAutoHeightDuration": [Function],
                              },
                              "typography": Object {
                                "body1": Object {
                                  "color": "rgba(0, 0, 0, 0.87)",
                                  "fontFamily": "\\"Roboto\\", \\"Helvetica\\", \\"Arial\\", sans-serif",
                                  "fontSize": "0.875rem",
                                  "fontWeight": 400,
                                  "lineHeight": "1.46429em",
                                },
                                "body2": Object {
                                  "color": "rgba(0, 0, 0, 0.87)",
                                  "fontFamily": "\\"Roboto\\", \\"Helvetica\\", \\"Arial\\", sans-serif",
                                  "fontSize": "0.875rem",
                                  "fontWeight": 500,
                                  "lineHeight": "1.71429em",
                                },
                                "button": Object {
                                  "color": "rgba(0, 0, 0, 0.87)",
                                  "fontFamily": "\\"Roboto\\", \\"Helvetica\\", \\"Arial\\", sans-serif",
                                  "fontSize": "0.875rem",
                                  "fontWeight": 500,
                                  "textTransform": "uppercase",
                                },
                                "caption": Object {
                                  "color": "rgba(0, 0, 0, 0.54)",
                                  "fontFamily": "\\"Roboto\\", \\"Helvetica\\", \\"Arial\\", sans-serif",
                                  "fontSize": "0.75rem",
                                  "fontWeight": 400,
                                  "lineHeight": "1.375em",
                                },
                                "display1": Object {
                                  "color": "rgba(0, 0, 0, 0.54)",
                                  "fontFamily": "\\"Roboto\\", \\"Helvetica\\", \\"Arial\\", sans-serif",
                                  "fontSize": "2.125rem",
                                  "fontWeight": 400,
                                  "lineHeight": "1.20588em",
                                },
                                "display2": Object {
                                  "color": "rgba(0, 0, 0, 0.54)",
                                  "fontFamily": "\\"Roboto\\", \\"Helvetica\\", \\"Arial\\", sans-serif",
                                  "fontSize": "2.8125rem",
                                  "fontWeight": 400,
                                  "lineHeight": "1.13333em",
                                  "marginLeft": "-.02em",
                                },
                                "display3": Object {
                                  "color": "rgba(0, 0, 0, 0.54)",
                                  "fontFamily": "\\"Roboto\\", \\"Helvetica\\", \\"Arial\\", sans-serif",
                                  "fontSize": "3.5rem",
                                  "fontWeight": 400,
                                  "letterSpacing": "-.02em",
                                  "lineHeight": "1.30357em",
                                  "marginLeft": "-.02em",
                                },
                                "display4": Object {
                                  "color": "rgba(0, 0, 0, 0.54)",
                                  "fontFamily": "\\"Roboto\\", \\"Helvetica\\", \\"Arial\\", sans-serif",
                                  "fontSize": "7rem",
                                  "fontWeight": 300,
                                  "letterSpacing": "-.04em",
                                  "lineHeight": "1.14286em",
                                  "marginLeft": "-.04em",
                                },
                                "fontFamily": "\\"Roboto\\", \\"Helvetica\\", \\"Arial\\", sans-serif",
                                "fontSize": 14,
                                "fontWeightLight": 300,
                                "fontWeightMedium": 500,
                                "fontWeightRegular": 400,
                                "headline": Object {
                                  "color": "rgba(0, 0, 0, 0.87)",
                                  "fontFamily": "\\"Roboto\\", \\"Helvetica\\", \\"Arial\\", sans-serif",
                                  "fontSize": "1.5rem",
                                  "fontWeight": 400,
                                  "lineHeight": "1.35417em",
                                },
                                "pxToRem": [Function],
                                "round": [Function],
                                "subheading": Object {
                                  "color": "rgba(0, 0, 0, 0.87)",
                                  "fontFamily": "\\"Roboto\\", \\"Helvetica\\", \\"Arial\\", sans-serif",
                                  "fontSize": "1rem",
                                  "fontWeight": 400,
                                  "lineHeight": "1.5em",
                                },
                                "title": Object {
                                  "color": "rgba(0, 0, 0, 0.87)",
                                  "fontFamily": "\\"Roboto\\", \\"Helvetica\\", \\"Arial\\", sans-serif",
                                  "fontSize": "1.3125rem",
                                  "fontWeight": 500,
                                  "lineHeight": "1.16667em",
                                },
                              },
                              "zIndex": Object {
                                "appBar": 1100,
                                "drawer": 1200,
                                "mobileStepper": 1000,
                                "modal": 1300,
                                "snackbar": 1400,
                                "tooltip": 1500,
                              },
                            }
                          }
                          title="Account E-mail"
                        >
                          <RootRef
                            rootRef={[Function]}
                          >
                            <div
                              aria-describedby={null}
                              onBlur={[Function]}
                              onFocus={[Function]}
                              onMouseLeave={[Function]}
                              onMouseOver={[Function]}
                              onTouchEnd={[Function]}
                              onTouchStart={[Function]}
                              title="Account E-mail"
                            >
                              <pure(HighlightOffIcon)
                                className="account-icon orange-color pointer"
                                onClick={[MockFunction]}
                              >
                                <HighlightOffIcon
                                  className="account-icon orange-color pointer"
                                  onClick={[MockFunction]}
                                >
                                  <WithStyles(SvgIcon)
                                    className="account-icon orange-color pointer"
                                    onClick={[MockFunction]}
                                  >
                                    <SvgIcon
                                      className="account-icon orange-color pointer"
                                      classes={
                                        Object {
                                          "colorAction": "MuiSvgIcon-colorAction-059",
                                          "colorDisabled": "MuiSvgIcon-colorDisabled-061",
                                          "colorError": "MuiSvgIcon-colorError-060",
                                          "colorPrimary": "MuiSvgIcon-colorPrimary-057",
                                          "colorSecondary": "MuiSvgIcon-colorSecondary-058",
                                          "fontSizeInherit": "MuiSvgIcon-fontSizeInherit-062",
                                          "root": "MuiSvgIcon-root-056",
                                        }
                                      }
                                      color="inherit"
                                      component="svg"
                                      fontSize="default"
                                      onClick={[MockFunction]}
                                      viewBox="0 0 24 24"
                                    >
                                      <svg
                                        aria-hidden="true"
                                        className="MuiSvgIcon-root-056 account-icon orange-color pointer"
                                        focusable="false"
                                        onClick={[MockFunction]}
                                        viewBox="0 0 24 24"
                                      >
                                        <path
                                          d="M0 0h24v24H0z"
                                          fill="none"
                                        />
                                        <path
                                          d="M14.59 8L12 10.59 9.41 8 8 9.41 10.59 12 8 14.59 9.41 16 12 13.41 14.59 16 16 14.59 13.41 12 16 9.41 14.59 8zM12 2C6.47 2 2 6.47 2 12s4.47 10 10 10 10-4.47 10-10S17.53 2 12 2zm0 18c-4.41 0-8-3.59-8-8s3.59-8 8-8 8 3.59 8 8-3.59 8-8 8z"
                                        />
                                      </svg>
                                    </SvgIcon>
                                  </WithStyles(SvgIcon)>
                                </HighlightOffIcon>
                              </pure(HighlightOffIcon)>
                            </div>
                          </RootRef>
                          <WithTheme(Popper)
                            anchorEl={null}
                            className="MuiTooltip-popper-071"
                            id={null}
                            open={false}
                            placement="bottom"
                            transition={true}
                          >
                            <Popper
                              anchorEl={null}
                              className="MuiTooltip-popper-071"
                              disablePortal={false}
                              id={null}
                              open={false}
                              placement="bottom"
                              theme={
                                Object {
                                  "breakpoints": Object {
                                    "between": [Function],
                                    "down": [Function],
                                    "keys": Array [
                                      "xs",
                                      "sm",
                                      "md",
                                      "lg",
                                      "xl",
                                    ],
                                    "only": [Function],
                                    "up": [Function],
                                    "values": Object {
                                      "lg": 1280,
                                      "md": 960,
                                      "sm": 600,
                                      "xl": 1920,
                                      "xs": 0,
                                    },
                                    "width": [Function],
                                  },
                                  "direction": "ltr",
                                  "mixins": Object {
                                    "gutters": [Function],
                                    "toolbar": Object {
                                      "@media (min-width:0px) and (orientation: landscape)": Object {
                                        "minHeight": 48,
                                      },
                                      "@media (min-width:600px)": Object {
                                        "minHeight": 64,
                                      },
                                      "minHeight": 56,
                                    },
                                  },
                                  "overrides": Object {},
                                  "palette": Object {
                                    "action": Object {
                                      "active": "rgba(0, 0, 0, 0.54)",
                                      "disabled": "rgba(0, 0, 0, 0.26)",
                                      "disabledBackground": "rgba(0, 0, 0, 0.12)",
                                      "hover": "rgba(0, 0, 0, 0.08)",
                                      "hoverOpacity": 0.08,
                                      "selected": "rgba(0, 0, 0, 0.14)",
                                    },
                                    "augmentColor": [Function],
                                    "background": Object {
                                      "default": "#fafafa",
                                      "paper": "#fff",
                                    },
                                    "common": Object {
                                      "black": "#000",
                                      "white": "#fff",
                                    },
                                    "contrastThreshold": 3,
                                    "divider": "rgba(0, 0, 0, 0.12)",
                                    "error": Object {
                                      "contrastText": "#fff",
                                      "dark": "#d32f2f",
                                      "light": "#e57373",
                                      "main": "#f44336",
                                    },
                                    "getContrastText": [Function],
                                    "grey": Object {
                                      "100": "#f5f5f5",
                                      "200": "#eeeeee",
                                      "300": "#e0e0e0",
                                      "400": "#bdbdbd",
                                      "50": "#fafafa",
                                      "500": "#9e9e9e",
                                      "600": "#757575",
                                      "700": "#616161",
                                      "800": "#424242",
                                      "900": "#212121",
                                      "A100": "#d5d5d5",
                                      "A200": "#aaaaaa",
                                      "A400": "#303030",
                                      "A700": "#616161",
                                    },
                                    "primary": Object {
                                      "contrastText": "#fff",
                                      "dark": "#303f9f",
                                      "light": "#7986cb",
                                      "main": "#3f51b5",
                                    },
                                    "secondary": Object {
                                      "contrastText": "#fff",
                                      "dark": "#c51162",
                                      "light": "#ff4081",
                                      "main": "#f50057",
                                    },
                                    "text": Object {
                                      "disabled": "rgba(0, 0, 0, 0.38)",
                                      "hint": "rgba(0, 0, 0, 0.38)",
                                      "primary": "rgba(0, 0, 0, 0.87)",
                                      "secondary": "rgba(0, 0, 0, 0.54)",
                                    },
                                    "tonalOffset": 0.2,
                                    "type": "light",
                                  },
                                  "props": Object {},
                                  "shadows": Array [
                                    "none",
                                    "0px 1px 3px 0px rgba(0, 0, 0, 0.2),0px 1px 1px 0px rgba(0, 0, 0, 0.14),0px 2px 1px -1px rgba(0, 0, 0, 0.12)",
                                    "0px 1px 5px 0px rgba(0, 0, 0, 0.2),0px 2px 2px 0px rgba(0, 0, 0, 0.14),0px 3px 1px -2px rgba(0, 0, 0, 0.12)",
                                    "0px 1px 8px 0px rgba(0, 0, 0, 0.2),0px 3px 4px 0px rgba(0, 0, 0, 0.14),0px 3px 3px -2px rgba(0, 0, 0, 0.12)",
                                    "0px 2px 4px -1px rgba(0, 0, 0, 0.2),0px 4px 5px 0px rgba(0, 0, 0, 0.14),0px 1px 10px 0px rgba(0, 0, 0, 0.12)",
                                    "0px 3px 5px -1px rgba(0, 0, 0, 0.2),0px 5px 8px 0px rgba(0, 0, 0, 0.14),0px 1px 14px 0px rgba(0, 0, 0, 0.12)",
                                    "0px 3px 5px -1px rgba(0, 0, 0, 0.2),0px 6px 10px 0px rgba(0, 0, 0, 0.14),0px 1px 18px 0px rgba(0, 0, 0, 0.12)",
                                    "0px 4px 5px -2px rgba(0, 0, 0, 0.2),0px 7px 10px 1px rgba(0, 0, 0, 0.14),0px 2px 16px 1px rgba(0, 0, 0, 0.12)",
                                    "0px 5px 5px -3px rgba(0, 0, 0, 0.2),0px 8px 10px 1px rgba(0, 0, 0, 0.14),0px 3px 14px 2px rgba(0, 0, 0, 0.12)",
                                    "0px 5px 6px -3px rgba(0, 0, 0, 0.2),0px 9px 12px 1px rgba(0, 0, 0, 0.14),0px 3px 16px 2px rgba(0, 0, 0, 0.12)",
                                    "0px 6px 6px -3px rgba(0, 0, 0, 0.2),0px 10px 14px 1px rgba(0, 0, 0, 0.14),0px 4px 18px 3px rgba(0, 0, 0, 0.12)",
                                    "0px 6px 7px -4px rgba(0, 0, 0, 0.2),0px 11px 15px 1px rgba(0, 0, 0, 0.14),0px 4px 20px 3px rgba(0, 0, 0, 0.12)",
                                    "0px 7px 8px -4px rgba(0, 0, 0, 0.2),0px 12px 17px 2px rgba(0, 0, 0, 0.14),0px 5px 22px 4px rgba(0, 0, 0, 0.12)",
                                    "0px 7px 8px -4px rgba(0, 0, 0, 0.2),0px 13px 19px 2px rgba(0, 0, 0, 0.14),0px 5px 24px 4px rgba(0, 0, 0, 0.12)",
                                    "0px 7px 9px -4px rgba(0, 0, 0, 0.2),0px 14px 21px 2px rgba(0, 0, 0, 0.14),0px 5px 26px 4px rgba(0, 0, 0, 0.12)",
                                    "0px 8px 9px -5px rgba(0, 0, 0, 0.2),0px 15px 22px 2px rgba(0, 0, 0, 0.14),0px 6px 28px 5px rgba(0, 0, 0, 0.12)",
                                    "0px 8px 10px -5px rgba(0, 0, 0, 0.2),0px 16px 24px 2px rgba(0, 0, 0, 0.14),0px 6px 30px 5px rgba(0, 0, 0, 0.12)",
                                    "0px 8px 11px -5px rgba(0, 0, 0, 0.2),0px 17px 26px 2px rgba(0, 0, 0, 0.14),0px 6px 32px 5px rgba(0, 0, 0, 0.12)",
                                    "0px 9px 11px -5px rgba(0, 0, 0, 0.2),0px 18px 28px 2px rgba(0, 0, 0, 0.14),0px 7px 34px 6px rgba(0, 0, 0, 0.12)",
                                    "0px 9px 12px -6px rgba(0, 0, 0, 0.2),0px 19px 29px 2px rgba(0, 0, 0, 0.14),0px 7px 36px 6px rgba(0, 0, 0, 0.12)",
                                    "0px 10px 13px -6px rgba(0, 0, 0, 0.2),0px 20px 31px 3px rgba(0, 0, 0, 0.14),0px 8px 38px 7px rgba(0, 0, 0, 0.12)",
                                    "0px 10px 13px -6px rgba(0, 0, 0, 0.2),0px 21px 33px 3px rgba(0, 0, 0, 0.14),0px 8px 40px 7px rgba(0, 0, 0, 0.12)",
                                    "0px 10px 14px -6px rgba(0, 0, 0, 0.2),0px 22px 35px 3px rgba(0, 0, 0, 0.14),0px 8px 42px 7px rgba(0, 0, 0, 0.12)",
                                    "0px 11px 14px -7px rgba(0, 0, 0, 0.2),0px 23px 36px 3px rgba(0, 0, 0, 0.14),0px 9px 44px 8px rgba(0, 0, 0, 0.12)",
                                    "0px 11px 15px -7px rgba(0, 0, 0, 0.2),0px 24px 38px 3px rgba(0, 0, 0, 0.14),0px 9px 46px 8px rgba(0, 0, 0, 0.12)",
                                  ],
                                  "shape": Object {
                                    "borderRadius": 4,
                                  },
                                  "spacing": Object {
                                    "unit": 8,
                                  },
                                  "transitions": Object {
                                    "create": [Function],
                                    "duration": Object {
                                      "complex": 375,
                                      "enteringScreen": 225,
                                      "leavingScreen": 195,
                                      "short": 250,
                                      "shorter": 200,
                                      "shortest": 150,
                                      "standard": 300,
                                    },
                                    "easing": Object {
                                      "easeIn": "cubic-bezier(0.4, 0, 1, 1)",
                                      "easeInOut": "cubic-bezier(0.4, 0, 0.2, 1)",
                                      "easeOut": "cubic-bezier(0.0, 0, 0.2, 1)",
                                      "sharp": "cubic-bezier(0.4, 0, 0.6, 1)",
                                    },
                                    "getAutoHeightDuration": [Function],
                                  },
                                  "typography": Object {
                                    "body1": Object {
                                      "color": "rgba(0, 0, 0, 0.87)",
                                      "fontFamily": "\\"Roboto\\", \\"Helvetica\\", \\"Arial\\", sans-serif",
                                      "fontSize": "0.875rem",
                                      "fontWeight": 400,
                                      "lineHeight": "1.46429em",
                                    },
                                    "body2": Object {
                                      "color": "rgba(0, 0, 0, 0.87)",
                                      "fontFamily": "\\"Roboto\\", \\"Helvetica\\", \\"Arial\\", sans-serif",
                                      "fontSize": "0.875rem",
                                      "fontWeight": 500,
                                      "lineHeight": "1.71429em",
                                    },
                                    "button": Object {
                                      "color": "rgba(0, 0, 0, 0.87)",
                                      "fontFamily": "\\"Roboto\\", \\"Helvetica\\", \\"Arial\\", sans-serif",
                                      "fontSize": "0.875rem",
                                      "fontWeight": 500,
                                      "textTransform": "uppercase",
                                    },
                                    "caption": Object {
                                      "color": "rgba(0, 0, 0, 0.54)",
                                      "fontFamily": "\\"Roboto\\", \\"Helvetica\\", \\"Arial\\", sans-serif",
                                      "fontSize": "0.75rem",
                                      "fontWeight": 400,
                                      "lineHeight": "1.375em",
                                    },
                                    "display1": Object {
                                      "color": "rgba(0, 0, 0, 0.54)",
                                      "fontFamily": "\\"Roboto\\", \\"Helvetica\\", \\"Arial\\", sans-serif",
                                      "fontSize": "2.125rem",
                                      "fontWeight": 400,
                                      "lineHeight": "1.20588em",
                                    },
                                    "display2": Object {
                                      "color": "rgba(0, 0, 0, 0.54)",
                                      "fontFamily": "\\"Roboto\\", \\"Helvetica\\", \\"Arial\\", sans-serif",
                                      "fontSize": "2.8125rem",
                                      "fontWeight": 400,
                                      "lineHeight": "1.13333em",
                                      "marginLeft": "-.02em",
                                    },
                                    "display3": Object {
                                      "color": "rgba(0, 0, 0, 0.54)",
                                      "fontFamily": "\\"Roboto\\", \\"Helvetica\\", \\"Arial\\", sans-serif",
                                      "fontSize": "3.5rem",
                                      "fontWeight": 400,
                                      "letterSpacing": "-.02em",
                                      "lineHeight": "1.30357em",
                                      "marginLeft": "-.02em",
                                    },
                                    "display4": Object {
                                      "color": "rgba(0, 0, 0, 0.54)",
                                      "fontFamily": "\\"Roboto\\", \\"Helvetica\\", \\"Arial\\", sans-serif",
                                      "fontSize": "7rem",
                                      "fontWeight": 300,
                                      "letterSpacing": "-.04em",
                                      "lineHeight": "1.14286em",
                                      "marginLeft": "-.04em",
                                    },
                                    "fontFamily": "\\"Roboto\\", \\"Helvetica\\", \\"Arial\\", sans-serif",
                                    "fontSize": 14,
                                    "fontWeightLight": 300,
                                    "fontWeightMedium": 500,
                                    "fontWeightRegular": 400,
                                    "headline": Object {
                                      "color": "rgba(0, 0, 0, 0.87)",
                                      "fontFamily": "\\"Roboto\\", \\"Helvetica\\", \\"Arial\\", sans-serif",
                                      "fontSize": "1.5rem",
                                      "fontWeight": 400,
                                      "lineHeight": "1.35417em",
                                    },
                                    "pxToRem": [Function],
                                    "round": [Function],
                                    "subheading": Object {
                                      "color": "rgba(0, 0, 0, 0.87)",
                                      "fontFamily": "\\"Roboto\\", \\"Helvetica\\", \\"Arial\\", sans-serif",
                                      "fontSize": "1rem",
                                      "fontWeight": 400,
                                      "lineHeight": "1.5em",
                                    },
                                    "title": Object {
                                      "color": "rgba(0, 0, 0, 0.87)",
                                      "fontFamily": "\\"Roboto\\", \\"Helvetica\\", \\"Arial\\", sans-serif",
                                      "fontSize": "1.3125rem",
                                      "fontWeight": 500,
                                      "lineHeight": "1.16667em",
                                    },
                                  },
                                  "zIndex": Object {
                                    "appBar": 1100,
                                    "drawer": 1200,
                                    "mobileStepper": 1000,
                                    "modal": 1300,
                                    "snackbar": 1400,
                                    "tooltip": 1500,
                                  },
                                }
                              }
                              transition={true}
                            />
                          </WithTheme(Popper)>
                        </Tooltip>
                      </WithStyles(Tooltip)>
                    </Icon>
                  </ListItemIcon>
                </WithStyles(ListItemIcon)>
                <WithStyles(ListItemText)
                  key=".1"
                  primary="Account E-mail"
                  secondary="Not Verfied"
                >
                  <ListItemText
                    classes={
                      Object {
                        "dense": "MuiListItemText-dense-043",
                        "inset": "MuiListItemText-inset-042",
                        "primary": "MuiListItemText-primary-044",
                        "root": "MuiListItemText-root-041",
                        "secondary": "MuiListItemText-secondary-045",
                        "textDense": "MuiListItemText-textDense-046",
                      }
                    }
                    disableTypography={false}
                    inset={false}
                    primary="Account E-mail"
                    secondary="Not Verfied"
                  >
                    <div
                      className="MuiListItemText-root-041 MuiListItemText-dense-043"
                    >
                      <WithStyles(Typography)
                        className="MuiListItemText-primary-044 MuiListItemText-textDense-046"
                        component="span"
                        variant="subheading"
                      >
                        <Typography
                          align="inherit"
                          className="MuiListItemText-primary-044 MuiListItemText-textDense-046"
                          classes={
                            Object {
                              "alignCenter": "MuiTypography-alignCenter-014",
                              "alignJustify": "MuiTypography-alignJustify-016",
                              "alignLeft": "MuiTypography-alignLeft-013",
                              "alignRight": "MuiTypography-alignRight-015",
                              "body1": "MuiTypography-body1-010",
                              "body2": "MuiTypography-body2-09",
                              "button": "MuiTypography-button-012",
                              "caption": "MuiTypography-caption-011",
                              "colorError": "MuiTypography-colorError-025",
                              "colorInherit": "MuiTypography-colorInherit-020",
                              "colorPrimary": "MuiTypography-colorPrimary-021",
                              "colorSecondary": "MuiTypography-colorSecondary-022",
                              "colorTextPrimary": "MuiTypography-colorTextPrimary-023",
                              "colorTextSecondary": "MuiTypography-colorTextSecondary-024",
                              "display1": "MuiTypography-display1-05",
                              "display2": "MuiTypography-display2-04",
                              "display3": "MuiTypography-display3-03",
                              "display4": "MuiTypography-display4-02",
                              "gutterBottom": "MuiTypography-gutterBottom-018",
                              "headline": "MuiTypography-headline-06",
                              "noWrap": "MuiTypography-noWrap-017",
                              "paragraph": "MuiTypography-paragraph-019",
                              "root": "MuiTypography-root-01",
                              "subheading": "MuiTypography-subheading-08",
                              "title": "MuiTypography-title-07",
                            }
                          }
                          color="default"
                          component="span"
                          gutterBottom={false}
                          headlineMapping={
                            Object {
                              "body1": "p",
                              "body2": "aside",
                              "display1": "h1",
                              "display2": "h1",
                              "display3": "h1",
                              "display4": "h1",
                              "headline": "h1",
                              "subheading": "h3",
                              "title": "h2",
                            }
                          }
                          noWrap={false}
                          paragraph={false}
                          variant="subheading"
                        >
                          <span
                            className="MuiTypography-root-01 MuiTypography-subheading-08 MuiListItemText-primary-044 MuiListItemText-textDense-046"
                          >
                            Account E-mail
                          </span>
                        </Typography>
                      </WithStyles(Typography)>
                      <WithStyles(Typography)
                        className="MuiListItemText-secondary-045 MuiListItemText-textDense-046"
                        color="textSecondary"
                        variant="body1"
                      >
                        <Typography
                          align="inherit"
                          className="MuiListItemText-secondary-045 MuiListItemText-textDense-046"
                          classes={
                            Object {
                              "alignCenter": "MuiTypography-alignCenter-014",
                              "alignJustify": "MuiTypography-alignJustify-016",
                              "alignLeft": "MuiTypography-alignLeft-013",
                              "alignRight": "MuiTypography-alignRight-015",
                              "body1": "MuiTypography-body1-010",
                              "body2": "MuiTypography-body2-09",
                              "button": "MuiTypography-button-012",
                              "caption": "MuiTypography-caption-011",
                              "colorError": "MuiTypography-colorError-025",
                              "colorInherit": "MuiTypography-colorInherit-020",
                              "colorPrimary": "MuiTypography-colorPrimary-021",
                              "colorSecondary": "MuiTypography-colorSecondary-022",
                              "colorTextPrimary": "MuiTypography-colorTextPrimary-023",
                              "colorTextSecondary": "MuiTypography-colorTextSecondary-024",
                              "display1": "MuiTypography-display1-05",
                              "display2": "MuiTypography-display2-04",
                              "display3": "MuiTypography-display3-03",
                              "display4": "MuiTypography-display4-02",
                              "gutterBottom": "MuiTypography-gutterBottom-018",
                              "headline": "MuiTypography-headline-06",
                              "noWrap": "MuiTypography-noWrap-017",
                              "paragraph": "MuiTypography-paragraph-019",
                              "root": "MuiTypography-root-01",
                              "subheading": "MuiTypography-subheading-08",
                              "title": "MuiTypography-title-07",
                            }
                          }
                          color="textSecondary"
                          gutterBottom={false}
                          headlineMapping={
                            Object {
                              "body1": "p",
                              "body2": "aside",
                              "display1": "h1",
                              "display2": "h1",
                              "display3": "h1",
                              "display4": "h1",
                              "headline": "h1",
                              "subheading": "h3",
                              "title": "h2",
                            }
                          }
                          noWrap={false}
                          paragraph={false}
                          variant="body1"
                        >
                          <p
                            className="MuiTypography-root-01 MuiTypography-body1-010 MuiTypography-colorTextSecondary-024 MuiListItemText-secondary-045 MuiListItemText-textDense-046"
                          >
                            Not Verfied
                          </p>
                        </Typography>
                      </WithStyles(Typography)>
                    </div>
                  </ListItemText>
                </WithStyles(ListItemText)>
              </li>
            </ListItem>
          </WithStyles(ListItem)>
        </ul>
      </List>
    </WithStyles(List)>
  </div>
</Section>
`;
